Component: ARM Compiler 5.06 update 7 (build 960) Tool: armlink [4d3601]

==============================================================================

Section Cross References

    stm32f4xx_hal.o(i.HAL_DeInit) refers to stm32f4xx_hal.o(i.HAL_MspDeInit) for HAL_MspDeInit
    stm32f4xx_hal.o(i.HAL_Delay) refers to stm32f4xx_hal.o(i.HAL_GetTick) for HAL_GetTick
    stm32f4xx_hal.o(i.HAL_Delay) refers to stm32f4xx_hal.o(.data) for uwTickFreq
    stm32f4xx_hal.o(i.HAL_GetTick) refers to stm32f4xx_hal.o(.data) for uwTick
    stm32f4xx_hal.o(i.HAL_GetTickFreq) refers to stm32f4xx_hal.o(.data) for uwTickFreq
    stm32f4xx_hal.o(i.HAL_GetTickPrio) refers to stm32f4xx_hal.o(.data) for uwTickPrio
    stm32f4xx_hal.o(i.HAL_IncTick) refers to stm32f4xx_hal.o(.data) for uwTick
    stm32f4xx_hal.o(i.HAL_Init) refers to stm32f4xx_hal_cortex.o(i.HAL_NVIC_SetPriorityGrouping) for HAL_NVIC_SetPriorityGrouping
    stm32f4xx_hal.o(i.HAL_Init) refers to stm32f4xx_hal.o(i.HAL_InitTick) for HAL_InitTick
    stm32f4xx_hal.o(i.HAL_Init) refers to stm32f4xx_hal_msp.o(i.HAL_MspInit) for HAL_MspInit
    stm32f4xx_hal.o(i.HAL_InitTick) refers to stm32f4xx_hal_cortex.o(i.HAL_SYSTICK_Config) for HAL_SYSTICK_Config
    stm32f4xx_hal.o(i.HAL_InitTick) refers to stm32f4xx_hal_cortex.o(i.HAL_NVIC_SetPriority) for HAL_NVIC_SetPriority
    stm32f4xx_hal.o(i.HAL_InitTick) refers to stm32f4xx_hal.o(.data) for uwTickFreq
    stm32f4xx_hal.o(i.HAL_InitTick) refers to system_stm32f4xx.o(.data) for SystemCoreClock
    stm32f4xx_hal.o(i.HAL_SetTickFreq) refers to stm32f4xx_hal.o(i.HAL_InitTick) for HAL_InitTick
    stm32f4xx_hal.o(i.HAL_SetTickFreq) refers to stm32f4xx_hal.o(.data) for uwTickFreq
    stm32f4xx_hal_adc.o(i.ADC_DMAConvCplt) refers to stm32f4xx_hal_adc.o(i.HAL_ADC_ConvCpltCallback) for HAL_ADC_ConvCpltCallback
    stm32f4xx_hal_adc.o(i.ADC_DMAConvCplt) refers to stm32f4xx_hal_adc.o(i.HAL_ADC_ErrorCallback) for HAL_ADC_ErrorCallback
    stm32f4xx_hal_adc.o(i.ADC_DMAError) refers to stm32f4xx_hal_adc.o(i.HAL_ADC_ErrorCallback) for HAL_ADC_ErrorCallback
    stm32f4xx_hal_adc.o(i.ADC_DMAHalfConvCplt) refers to stm32f4xx_hal_adc.o(i.HAL_ADC_ConvHalfCpltCallback) for HAL_ADC_ConvHalfCpltCallback
    stm32f4xx_hal_adc.o(i.HAL_ADC_ConfigChannel) refers to system_stm32f4xx.o(.data) for SystemCoreClock
    stm32f4xx_hal_adc.o(i.HAL_ADC_DeInit) refers to adc.o(i.HAL_ADC_MspDeInit) for HAL_ADC_MspDeInit
    stm32f4xx_hal_adc.o(i.HAL_ADC_IRQHandler) refers to stm32f4xx_hal_adc.o(i.HAL_ADC_ConvCpltCallback) for HAL_ADC_ConvCpltCallback
    stm32f4xx_hal_adc.o(i.HAL_ADC_IRQHandler) refers to stm32f4xx_hal_adc_ex.o(i.HAL_ADCEx_InjectedConvCpltCallback) for HAL_ADCEx_InjectedConvCpltCallback
    stm32f4xx_hal_adc.o(i.HAL_ADC_IRQHandler) refers to stm32f4xx_hal_adc.o(i.HAL_ADC_LevelOutOfWindowCallback) for HAL_ADC_LevelOutOfWindowCallback
    stm32f4xx_hal_adc.o(i.HAL_ADC_IRQHandler) refers to stm32f4xx_hal_adc.o(i.HAL_ADC_ErrorCallback) for HAL_ADC_ErrorCallback
    stm32f4xx_hal_adc.o(i.HAL_ADC_Init) refers to adc.o(i.HAL_ADC_MspInit) for HAL_ADC_MspInit
    stm32f4xx_hal_adc.o(i.HAL_ADC_Init) refers to stm32f4xx_hal_adc.o(i.ADC_Init) for ADC_Init
    stm32f4xx_hal_adc.o(i.HAL_ADC_PollForConversion) refers to stm32f4xx_hal.o(i.HAL_GetTick) for HAL_GetTick
    stm32f4xx_hal_adc.o(i.HAL_ADC_PollForEvent) refers to stm32f4xx_hal.o(i.HAL_GetTick) for HAL_GetTick
    stm32f4xx_hal_adc.o(i.HAL_ADC_Start) refers to system_stm32f4xx.o(.data) for SystemCoreClock
    stm32f4xx_hal_adc.o(i.HAL_ADC_Start_DMA) refers to stm32f4xx_hal_dma.o(i.HAL_DMA_Start_IT) for HAL_DMA_Start_IT
    stm32f4xx_hal_adc.o(i.HAL_ADC_Start_DMA) refers to system_stm32f4xx.o(.data) for SystemCoreClock
    stm32f4xx_hal_adc.o(i.HAL_ADC_Start_DMA) refers to stm32f4xx_hal_adc.o(i.ADC_DMAConvCplt) for ADC_DMAConvCplt
    stm32f4xx_hal_adc.o(i.HAL_ADC_Start_DMA) refers to stm32f4xx_hal_adc.o(i.ADC_DMAHalfConvCplt) for ADC_DMAHalfConvCplt
    stm32f4xx_hal_adc.o(i.HAL_ADC_Start_DMA) refers to stm32f4xx_hal_adc.o(i.ADC_DMAError) for ADC_DMAError
    stm32f4xx_hal_adc.o(i.HAL_ADC_Start_IT) refers to system_stm32f4xx.o(.data) for SystemCoreClock
    stm32f4xx_hal_adc.o(i.HAL_ADC_Stop_DMA) refers to stm32f4xx_hal_dma.o(i.HAL_DMA_Abort) for HAL_DMA_Abort
    stm32f4xx_hal_adc_ex.o(i.ADC_MultiModeDMAConvCplt) refers to stm32f4xx_hal_adc.o(i.HAL_ADC_ConvCpltCallback) for HAL_ADC_ConvCpltCallback
    stm32f4xx_hal_adc_ex.o(i.ADC_MultiModeDMAError) refers to stm32f4xx_hal_adc.o(i.HAL_ADC_ErrorCallback) for HAL_ADC_ErrorCallback
    stm32f4xx_hal_adc_ex.o(i.ADC_MultiModeDMAHalfConvCplt) refers to stm32f4xx_hal_adc.o(i.HAL_ADC_ConvHalfCpltCallback) for HAL_ADC_ConvHalfCpltCallback
    stm32f4xx_hal_adc_ex.o(i.HAL_ADCEx_InjectedPollForConversion) refers to stm32f4xx_hal.o(i.HAL_GetTick) for HAL_GetTick
    stm32f4xx_hal_adc_ex.o(i.HAL_ADCEx_InjectedStart) refers to system_stm32f4xx.o(.data) for SystemCoreClock
[...]
    0x08004b12   0x00000002   Code   RO          620    i.HAL_CAN_RxFifo1MsgPendingCallback  stm32f4xx_hal_can.o
    0x08004b14   0x00000002   Code   RO          621    i.HAL_CAN_SleepCallback  stm32f4xx_hal_can.o
    0x08004b16   0x0000005e   Code   RO          622    i.HAL_CAN_Start     stm32f4xx_hal_can.o
    0x08004b74   0x00000002   Code   RO          624    i.HAL_CAN_TxMailbox0AbortCallback  stm32f4xx_hal_can.o
    0x08004b76   0x00000002   Code   RO          625    i.HAL_CAN_TxMailbox0CompleteCallback  stm32f4xx_hal_can.o
    0x08004b78   0x00000002   Code   RO          626    i.HAL_CAN_TxMailbox1AbortCallback  stm32f4xx_hal_can.o
    0x08004b7a   0x00000002   Code   RO          627    i.HAL_CAN_TxMailbox1CompleteCallback  stm32f4xx_hal_can.o
    0x08004b7c   0x00000002   Code   RO          628    i.HAL_CAN_TxMailbox2AbortCallback  stm32f4xx_hal_can.o
    0x08004b7e   0x00000002   Code   RO          629    i.HAL_CAN_TxMailbox2CompleteCallback  stm32f4xx_hal_can.o
    0x08004b80   0x00000002   Code   RO          631    i.HAL_CAN_WakeUpFromRxMsgCallback  stm32f4xx_hal_can.o
    0x08004b82   0x00000024   Code   RO          974    i.HAL_CRC_Init      stm32f4xx_hal_crc.o
    0x08004ba6   0x00000002   PAD
    0x08004ba8   0x00000034   Code   RO         7188    i.HAL_CRC_MspInit   crc.o
    0x08004bdc   0x00000240   Code   RO         1038    i.HAL_DMA_IRQHandler  stm32f4xx_hal_dma.o
    0x08004e1c   0x000000ec   Code   RO         1039    i.HAL_DMA_Init      stm32f4xx_hal_dma.o
    0x08004f08   0x00000028   Code   RO           11    i.HAL_Delay         stm32f4xx_hal.o
    0x08004f30   0x000000ac   Code   RO         1379    i.HAL_FLASHEx_Erase  stm32f4xx_hal_flash_ex.o
    0x08004fdc   0x00000014   Code   RO         1258    i.HAL_FLASH_Lock    stm32f4xx_hal_flash.o
    0x08004ff0   0x00000098   Code   RO         1263    i.HAL_FLASH_Program  stm32f4xx_hal_flash.o
    0x08005088   0x00000034   Code   RO         1265    i.HAL_FLASH_Unlock  stm32f4xx_hal_flash.o
    0x080050bc   0x000000b8   Code   RO         8661    i.HAL_GPIO_EXTI_Callback  INS_task.o
    0x08005174   0x0000001c   Code   RO         1492    i.HAL_GPIO_EXTI_IRQHandler  stm32f4xx_hal_gpio.o
    0x08005190   0x00000200   Code   RO         1493    i.HAL_GPIO_Init     stm32f4xx_hal_gpio.o
    0x08005390   0x00000010   Code   RO         1495    i.HAL_GPIO_ReadPin  stm32f4xx_hal_gpio.o
    0x080053a0   0x0000000c   Code   RO         1497    i.HAL_GPIO_WritePin  stm32f4xx_hal_gpio.o
    0x080053ac   0x0000000c   Code   RO           17    i.HAL_GetTick       stm32f4xx_hal.o
    0x080053b8   0x000001b8   Code   RO         1567    i.HAL_I2C_Init      stm32f4xx_hal_i2c.o
    0x08005570   0x000002f4   Code   RO         1585    i.HAL_I2C_Mem_Read  stm32f4xx_hal_i2c.o
    0x08005864   0x00000164   Code   RO         1588    i.HAL_I2C_Mem_Write  stm32f4xx_hal_i2c.o
    0x080059c8   0x00000208   Code   RO         7446    i.HAL_I2C_MspInit   i2c.o
    0x08005bd0   0x00000018   Code   RO           23    i.HAL_IncTick       stm32f4xx_hal.o
    0x08005be8   0x0000003c   Code   RO           24    i.HAL_Init          stm32f4xx_hal.o
    0x08005c24   0x0000004c   Code   RO           25    i.HAL_InitTick      stm32f4xx_hal.o
    0x08005c70   0x00000054   Code   RO         7731    i.HAL_MspInit       stm32f4xx_hal_msp.o
    0x08005cc4   0x00000020   Code   RO          835    i.HAL_NVIC_EnableIRQ  stm32f4xx_hal_cortex.o
    0x08005ce4   0x0000007c   Code   RO          841    i.HAL_NVIC_SetPriority  stm32f4xx_hal_cortex.o
    0x08005d60   0x00000028   Code   RO          842    i.HAL_NVIC_SetPriorityGrouping  stm32f4xx_hal_cortex.o
    0x08005d88   0x00000044   Code   RO          843    i.HAL_NVIC_SystemReset  stm32f4xx_hal_cortex.o
    0x08005dcc   0x00000002   Code   RO         2262    i.HAL_PCDEx_LPM_Callback  stm32f4xx_hal_pcd_ex.o
    0x08005dce   0x0000000a   Code   RO         2263    i.HAL_PCDEx_SetRxFiFo  stm32f4xx_hal_pcd_ex.o
    0x08005dd8   0x0000004e   Code   RO         2264    i.HAL_PCDEx_SetTxFiFo  stm32f4xx_hal_pcd_ex.o
    0x08005e26   0x0000000e   Code   RO         8158    i.HAL_PCD_ConnectCallback  usbd_conf.o
    0x08005e34   0x00000020   Code   RO         8159    i.HAL_PCD_DataInStageCallback  usbd_conf.o
    0x08005e54   0x00000020   Code   RO         8160    i.HAL_PCD_DataOutStageCallback  usbd_conf.o
    0x08005e74   0x0000000e   Code   RO         8161    i.HAL_PCD_DisconnectCallback  usbd_conf.o
    0x08005e82   0x0000006a   Code   RO         2045    i.HAL_PCD_EP_Close  stm32f4xx_hal_pcd.o
    0x08005eec   0x0000007c   Code   RO         2046    i.HAL_PCD_EP_ClrStall  stm32f4xx_hal_pcd.o
    0x08005f68   0x00000016   Code   RO         2048    i.HAL_PCD_EP_GetRxCount  stm32f4xx_hal_pcd.o
    0x08005f7e   0x0000008c   Code   RO         2049    i.HAL_PCD_EP_Open   stm32f4xx_hal_pcd.o
    0x0800600a   0x00000058   Code   RO         2050    i.HAL_PCD_EP_Receive  stm32f4xx_hal_pcd.o
    0x08006062   0x0000008a   Code   RO         2051    i.HAL_PCD_EP_SetStall  stm32f4xx_hal_pcd.o
    0x080060ec   0x0000005a   Code   RO         2052    i.HAL_PCD_EP_Transmit  stm32f4xx_hal_pcd.o
    0x08006146   0x0000053e   Code   RO         2054    i.HAL_PCD_IRQHandler  stm32f4xx_hal_pcd.o
    0x08006684   0x00000012   Code   RO         8162    i.HAL_PCD_ISOINIncompleteCallback  usbd_conf.o
    0x08006696   0x00000012   Code   RO         8163    i.HAL_PCD_ISOOUTIncompleteCallback  usbd_conf.o
    0x080066a8   0x00000166   Code   RO         2057    i.HAL_PCD_Init      stm32f4xx_hal_pcd.o
    0x0800680e   0x00000002   PAD
    0x08006810   0x000000a8   Code   RO         8165    i.HAL_PCD_MspInit   usbd_conf.o
    0x080068b8   0x00000030   Code   RO         8166    i.HAL_PCD_ResetCallback  usbd_conf.o
    0x080068e8   0x0000000e   Code   RO         8167    i.HAL_PCD_ResumeCallback  usbd_conf.o
    0x080068f6   0x0000000e   Code   RO         8168    i.HAL_PCD_SOFCallback  usbd_conf.o
    0x08006904   0x00000036   Code   RO         2063    i.HAL_PCD_SetAddress  stm32f4xx_hal_pcd.o
    0x0800693a   0x00000012   Code   RO         8169    i.HAL_PCD_SetupStageCallback  usbd_conf.o
    0x0800694c   0x0000004a   Code   RO         2065    i.HAL_PCD_Start     stm32f4xx_hal_pcd.o
    0x08006996   0x00000002   PAD
    0x08006998   0x00000034   Code   RO         8170    i.HAL_PCD_SuspendCallback  usbd_conf.o
    0x080069cc   0x000001a0   Code   RO         2583    i.HAL_RCCEx_PeriphCLKConfig  stm32f4xx_hal_rcc_ex.o
    0x08006b6c   0x00000180   Code   RO         2478    i.HAL_RCC_ClockConfig  stm32f4xx_hal_rcc.o
    0x08006cec   0x0000000c   Code   RO         2483    i.HAL_RCC_GetHCLKFreq  stm32f4xx_hal_rcc.o
    0x08006cf8   0x00000020   Code   RO         2485    i.HAL_RCC_GetPCLK1Freq  stm32f4xx_hal_rcc.o
    0x08006d18   0x00000020   Code   RO         2486    i.HAL_RCC_GetPCLK2Freq  stm32f4xx_hal_rcc.o
    0x08006d38   0x000000b0   Code   RO         2487    i.HAL_RCC_GetSysClockFreq  stm32f4xx_hal_rcc.o
    0x08006de8   0x00000448   Code   RO         2490    i.HAL_RCC_OscConfig  stm32f4xx_hal_rcc.o
    0x08007230   0x00000034   Code   RO         2642    i.HAL_RNG_Init      stm32f4xx_hal_rng.o
    0x08007264   0x00000034   Code   RO         7600    i.HAL_RNG_MspInit   rng.o
    0x08007298   0x000000d8   Code   RO         2743    i.HAL_RTC_Init      stm32f4xx_hal_rtc.o
    0x08007370   0x00000018   Code   RO         7642    i.HAL_RTC_MspInit   rtc.o
    0x08007388   0x0000003a   Code   RO         2751    i.HAL_RTC_WaitForSynchro  stm32f4xx_hal_rtc.o
    0x080073c2   0x0000008c   Code   RO         3112    i.HAL_SPI_Init      stm32f4xx_hal_spi.o
    0x0800744e   0x00000002   PAD
    0x08007450   0x000001cc   Code   RO         7684    i.HAL_SPI_MspInit   spi.o
    0x0800761c   0x0000022a   Code   RO         3121    i.HAL_SPI_TransmitReceive  stm32f4xx_hal_spi.o
    0x08007846   0x00000034   Code   RO          846    i.HAL_SYSTICK_Config  stm32f4xx_hal_cortex.o
    0x0800787a   0x00000002   Code   RO         4111    i.HAL_TIMEx_BreakCallback  stm32f4xx_hal_tim_ex.o
    0x0800787c   0x00000002   Code   RO         4112    i.HAL_TIMEx_CommutCallback  stm32f4xx_hal_tim_ex.o
    0x0800787e   0x00000074   Code   RO         4114    i.HAL_TIMEx_ConfigBreakDeadTime  stm32f4xx_hal_tim_ex.o
    0x080078f2   0x00000054   Code   RO         4129    i.HAL_TIMEx_MasterConfigSynchronization  stm32f4xx_hal_tim_ex.o
    0x08007946   0x00000034   Code   RO         3425    i.HAL_TIM_Base_Init  stm32f4xx_hal_tim.o
    0x0800797a   0x00000002   PAD
    0x0800797c   0x00000130   Code   RO         7926    i.HAL_TIM_Base_MspInit  tim.o
    0x08007aac   0x0000002a   Code   RO         3428    i.HAL_TIM_Base_Start  stm32f4xx_hal_tim.o
    0x08007ad6   0x0000002a   Code   RO         3430    i.HAL_TIM_Base_Start_IT  stm32f4xx_hal_tim.o
    0x08007b00   0x00000108   Code   RO         3434    i.HAL_TIM_ConfigClockSource  stm32f4xx_hal_tim.o
    0x08007c08   0x00000002   Code   RO         3454    i.HAL_TIM_IC_CaptureCallback  stm32f4xx_hal_tim.o
    0x08007c0a   0x00000196   Code   RO         3468    i.HAL_TIM_IRQHandler  stm32f4xx_hal_tim.o
    0x08007da0   0x000002c0   Code   RO         7927    i.HAL_TIM_MspPostInit  tim.o
    0x08008060   0x00000002   Code   RO         3471    i.HAL_TIM_OC_DelayElapsedCallback  stm32f4xx_hal_tim.o
    0x08008062   0x00000108   Code   RO         3492    i.HAL_TIM_PWM_ConfigChannel  stm32f4xx_hal_tim.o
    0x0800816a   0x00000034   Code   RO         3495    i.HAL_TIM_PWM_Init  stm32f4xx_hal_tim.o
    0x0800819e   0x00000002   Code   RO         3497    i.HAL_TIM_PWM_MspInit  stm32f4xx_hal_tim.o
    0x080081a0   0x00000002   Code   RO         3498    i.HAL_TIM_PWM_PulseFinishedCallback  stm32f4xx_hal_tim.o
    0x080081a2   0x00000002   PAD
    0x080081a4   0x00000058   Code   RO         3500    i.HAL_TIM_PWM_Start  stm32f4xx_hal_tim.o
    0x080081fc   0x00000002   Code   RO         3506    i.HAL_TIM_PeriodElapsedCallback  stm32f4xx_hal_tim.o
    0x080081fe   0x00000002   Code   RO         3511    i.HAL_TIM_TriggerCallback  stm32f4xx_hal_tim.o
    0x08008200   0x00000072   Code   RO         4387    i.HAL_UART_Init     stm32f4xx_hal_uart.o
    0x08008272   0x00000002   PAD
    0x08008274   0x000002f0   Code   RO         8004    i.HAL_UART_MspInit  usart.o
    0x08008564   0x0000000a   Code   RO         7766    i.HardFault_Handler  stm32f4xx_it.o
    0x0800856e   0x0000003e   Code   RO         1610    i.I2C_IsAcknowledgeFailed  stm32f4xx_hal_i2c.o
    0x080085ac   0x00000138   Code   RO         1620    i.I2C_RequestMemoryRead  stm32f4xx_hal_i2c.o
    0x080086e4   0x000000cc   Code   RO         1621    i.I2C_RequestMemoryWrite  stm32f4xx_hal_i2c.o
    0x080087b0   0x0000005c   Code   RO         1629    i.I2C_WaitOnBTFFlagUntilTimeout  stm32f4xx_hal_i2c.o
    0x0800880c   0x00000086   Code   RO         1630    i.I2C_WaitOnFlagUntilTimeout  stm32f4xx_hal_i2c.o
    0x08008892   0x000000c4   Code   RO         1631    i.I2C_WaitOnMasterAddressFlagUntilTimeout  stm32f4xx_hal_i2c.o
    0x08008956   0x00000080   Code   RO         1632    i.I2C_WaitOnRXNEFlagUntilTimeout  stm32f4xx_hal_i2c.o
    0x080089d6   0x0000005c   Code   RO         1634    i.I2C_WaitOnTXEFlagUntilTimeout  stm32f4xx_hal_i2c.o
    0x08008a32   0x00000002   PAD
    0x08008a34   0x0000007c   Code   RO         8662    i.INS_cali_gyro     INS_task.o
    0x08008ab0   0x00000048   Code   RO         8663    i.INS_set_cali_gyro  INS_task.o
    0x08008af8   0x00000304   Code   RO         8664    i.INS_task          INS_task.o
    0x08008dfc   0x0000003e   Code   RO         8354    i.IntToUnicode      usbd_desc.o
    0x08008e3a   0x00000094   Code   RO         8803    i.Line_Draw         RM_Cilent_UI.o
    0x08008ece   0x00000002   PAD
    0x08008ed0   0x00000070   Code   RO         7092    i.MX_ADC1_Init      adc.o
    0x08008f40   0x00000070   Code   RO         7093    i.MX_ADC3_Init      adc.o
    0x08008fb0   0x00000048   Code   RO         7140    i.MX_CAN1_Init      can.o
    0x08008ff8   0x00000048   Code   RO         7141    i.MX_CAN2_Init      can.o
    0x08009040   0x00000020   Code   RO         7189    i.MX_CRC_Init       crc.o
    0x08009060   0x000000b8   Code   RO         7229    i.MX_DMA_Init       dma.o
    0x08009118   0x00000194   Code   RO         7257    i.MX_FREERTOS_Init  freertos.o
    0x080092ac   0x00000254   Code   RO         7418    i.MX_GPIO_Init      gpio.o
    0x08009500   0x0000003c   Code   RO         7447    i.MX_I2C1_Init      i2c.o
    0x0800953c   0x0000003c   Code   RO         7448    i.MX_I2C2_Init      i2c.o
    0x08009578   0x0000003c   Code   RO         7449    i.MX_I2C3_Init      i2c.o
    0x080095b4   0x00000020   Code   RO         7601    i.MX_RNG_Init       rng.o
    0x080095d4   0x00000034   Code   RO         7643    i.MX_RTC_Init       rtc.o
    0x08009608   0x00000048   Code   RO         7685    i.MX_SPI1_Init      spi.o
    0x08009650   0x00000048   Code   RO         7686    i.MX_SPI2_Init      spi.o
    0x08009698   0x0000006c   Code   RO         7928    i.MX_TIM10_Init     tim.o
    0x08009704   0x0000010c   Code   RO         7929    i.MX_TIM1_Init      tim.o
    0x08009810   0x000000a4   Code   RO         7930    i.MX_TIM3_Init      tim.o
    0x080098b4   0x000000a4   Code   RO         7931    i.MX_TIM4_Init      tim.o
    0x08009958   0x000000c4   Code   RO         7932    i.MX_TIM5_Init      tim.o
    0x08009a1c   0x000000f8   Code   RO         7933    i.MX_TIM8_Init      tim.o
    0x08009b14   0x00000038   Code   RO         8005    i.MX_USART1_UART_Init  usart.o
    0x08009b4c   0x0000003c   Code   RO         8006    i.MX_USART3_UART_Init  usart.o
    0x08009b88   0x00000038   Code   RO         8007    i.MX_USART6_UART_Init  usart.o
    0x08009bc0   0x0000004c   Code   RO         8057    i.MX_USB_DEVICE_Init  usb_device.o
    0x08009c0c   0x00000004   Code   RO         7767    i.MemManage_Handler  stm32f4xx_it.o
    0x08009c10   0x00000002   Code   RO         7768    i.NMI_Handler       stm32f4xx_it.o
    0x08009c12   0x00000002   PAD
    0x08009c14   0x00000018   Code   RO        11890    i.NominalDOB_Init   pid.o
    0x08009c2c   0x0000005e   Code   RO        11891    i.NominalDOB_Update  pid.o
    0x08009c8a   0x00000002   PAD
    0x08009c8c   0x00000010   Code   RO         7769    i.OTG_FS_IRQHandler  stm32f4xx_it.o
    0x08009c9c   0x0000008c   Code   RO         2068    i.PCD_EP_OutSetupPacket_int  stm32f4xx_hal_pcd.o
    0x08009d28   0x00000180   Code   RO         2069    i.PCD_EP_OutXfrComplete_int  stm32f4xx_hal_pcd.o
    0x08009ea8   0x000000b6   Code   RO         2070    i.PCD_WriteEmptyTxFifo  stm32f4xx_hal_pcd.o
    0x08009f5e   0x00000002   PAD
    0x08009f60   0x00000228   Code   RO        11892    i.PID_calc          pid.o
    0x0800a188   0x0000004c   Code   RO        11893    i.PID_clear         pid.o
    0x0800a1d4   0x00000070   Code   RO        11894    i.PID_init          pid.o
    0x0800a244   0x0000009c   Code   RO        11384    i.RC_Init           bsp_rc.o
    0x0800a2e0   0x00000374   Code   RO         9212    i.RC_cmd_to_calibrate  calibrate_task.o
    0x0800a654   0x00000050   Code   RO        11385    i.RC_restart        bsp_rc.o
    0x0800a6a4   0x00000018   Code   RO        11386    i.RC_unable         bsp_rc.o
    0x0800a6bc   0x0000003e   Code   RO         2754    i.RTC_EnterInitMode  stm32f4xx_hal_rtc.o
    0x0800a6fa   0x00000002   PAD
    0x0800a6fc   0x0000273c   Code   RO        11487    i.SPI1_DMA_enable   bsp_spi.o
    0x0800ce38   0x00000180   Code   RO        11488    i.SPI1_DMA_init     bsp_spi.o
    0x0800cfb8   0x0000006c   Code   RO         3150    i.SPI_EndRxTxTransaction  stm32f4xx_hal_spi.o
    0x0800d024   0x000000a8   Code   RO         3155    i.SPI_WaitFlagStateUntilTimeout  stm32f4xx_hal_spi.o
    0x0800d0cc   0x0000000c   Code   RO         7770    i.SysTick_Handler   stm32f4xx_it.o
    0x0800d0d8   0x000000d4   Code   RO         7500    i.SystemClock_Config  main.o
    0x0800d1ac   0x00000064   Code   RO         7889    i.SystemInit        system_stm32f4xx.o
    0x0800d210   0x00000024   Code   RO         7771    i.TIM8_UP_TIM13_IRQHandler  stm32f4xx_it.o
    0x0800d234   0x000000d8   Code   RO         3513    i.TIM_Base_SetConfig  stm32f4xx_hal_tim.o
    0x0800d30c   0x00000022   Code   RO         3514    i.TIM_CCxChannelCmd  stm32f4xx_hal_tim.o
    0x0800d32e   0x00000016   Code   RO         3524    i.TIM_ETR_SetConfig  stm32f4xx_hal_tim.o
    0x0800d344   0x00000012   Code   RO         3525    i.TIM_ITRx_SetConfig  stm32f4xx_hal_tim.o
    0x0800d356   0x00000002   PAD
    0x0800d358   0x00000070   Code   RO         3526    i.TIM_OC1_SetConfig  stm32f4xx_hal_tim.o
    0x0800d3c8   0x0000007c   Code   RO         3527    i.TIM_OC2_SetConfig  stm32f4xx_hal_tim.o
    0x0800d444   0x00000078   Code   RO         3528    i.TIM_OC3_SetConfig  stm32f4xx_hal_tim.o
    0x0800d4bc   0x00000054   Code   RO         3529    i.TIM_OC4_SetConfig  stm32f4xx_hal_tim.o
    0x0800d510   0x00000026   Code   RO         3531    i.TIM_TI1_ConfigInputStage  stm32f4xx_hal_tim.o
    0x0800d536   0x00000028   Code   RO         3533    i.TIM_TI2_ConfigInputStage  stm32f4xx_hal_tim.o
    0x0800d55e   0x00000002   PAD
    0x0800d560   0x00000368   Code   RO         4414    i.UART_SetConfig    stm32f4xx_hal_uart.o
    0x0800d8c8   0x000000f4   Code   RO         8805    i.UI_Delete         RM_Cilent_UI.o
    0x0800d9bc   0x000000e0   Code   RO         8904    i.UI_ProgressBar_change  UI_ProgressBar.o
    0x0800da9c   0x000000c8   Code   RO         8905    i.UI_ProgressBar_static  UI_ProgressBar.o
    0x0800db64   0x0000015c   Code   RO         8806    i.UI_ReFresh        RM_Cilent_UI.o
    0x0800dcc0   0x00000020   Code   RO         8807    i.UI_SendByte       RM_Cilent_UI.o
    0x0800dce0   0x00000570   Code   RO        10471    i.UI_aimline        user_task.o
    0x0800e250   0x00000020   Code   RO        10472    i.UI_car_change     user_task.o
    0x0800e270   0x00000130   Code   RO        10473    i.UI_car_init       user_task.o
    0x0800e3a0   0x00000010   Code   RO        10474    i.UI_car_static     user_task.o
    0x0800e3b0   0x0000000a   Code   RO         9103    i.UI_label_change   UI_label.o
    0x0800e3ba   0x00000002   PAD
    0x0800e3bc   0x00000040   Code   RO         9104    i.UI_label_reset_cache  UI_label.o
    0x0800e3fc   0x00000250   Code   RO         9105    i.UI_label_static   UI_label.o
    0x0800e64c   0x0000000c   Code   RO        10475    i.UI_send_init      user_task.o
    0x0800e658   0x00000140   Code   RO        10092    i.USART3_IRQHandler  remote_control.o
    0x0800e798   0x00000128   Code   RO        10045    i.USART6_IRQHandler  referee_usart_task.o
    0x0800e8c0   0x0000007c   Code   RO         5006    i.USBD_CDC_DataIn   usbd_cdc.o
    0x0800e93c   0x00000034   Code   RO         5007    i.USBD_CDC_DataOut  usbd_cdc.o
    0x0800e970   0x0000004e   Code   RO         5008    i.USBD_CDC_DeInit   usbd_cdc.o
    0x0800e9be   0x00000032   Code   RO         5009    i.USBD_CDC_EP0_RxReady  usbd_cdc.o
    0x0800e9f0   0x00000010   Code   RO         5010    i.USBD_CDC_GetDeviceQualifierDescriptor  usbd_cdc.o
    0x0800ea00   0x00000010   Code   RO         5011    i.USBD_CDC_GetFSCfgDesc  usbd_cdc.o
    0x0800ea10   0x00000010   Code   RO         5012    i.USBD_CDC_GetHSCfgDesc  usbd_cdc.o
    0x0800ea20   0x00000010   Code   RO         5013    i.USBD_CDC_GetOtherSpeedCfgDesc  usbd_cdc.o
    0x0800ea30   0x000000b8   Code   RO         5014    i.USBD_CDC_Init     usbd_cdc.o
    0x0800eae8   0x0000003a   Code   RO         5015    i.USBD_CDC_ReceivePacket  usbd_cdc.o
    0x0800eb22   0x0000000e   Code   RO         5016    i.USBD_CDC_RegisterInterface  usbd_cdc.o
    0x0800eb30   0x0000000e   Code   RO         5017    i.USBD_CDC_SetRxBuffer  usbd_cdc.o
    0x0800eb3e   0x00000014   Code   RO         5018    i.USBD_CDC_SetTxBuffer  usbd_cdc.o
    0x0800eb52   0x000000f4   Code   RO         5019    i.USBD_CDC_Setup    usbd_cdc.o
    0x0800ec46   0x0000003e   Code   RO         5020    i.USBD_CDC_TransmitPacket  usbd_cdc.o
    0x0800ec84   0x00000016   Code   RO         5142    i.USBD_ClrClassConfig  usbd_core.o
    0x0800ec9a   0x0000003e   Code   RO         5280    i.USBD_ClrFeature   usbd_ctlreq.o
    0x0800ecd8   0x00000018   Code   RO         5375    i.USBD_CtlContinueRx  usbd_ioreq.o
    0x0800ecf0   0x00000018   Code   RO         5376    i.USBD_CtlContinueSendData  usbd_ioreq.o
    0x0800ed08   0x00000018   Code   RO         5281    i.USBD_CtlError     usbd_ctlreq.o
    0x0800ed20   0x00000028   Code   RO         5377    i.USBD_CtlPrepareRx  usbd_ioreq.o
    0x0800ed48   0x0000001a   Code   RO         5378    i.USBD_CtlReceiveStatus  usbd_ioreq.o
    0x0800ed62   0x00000022   Code   RO         5379    i.USBD_CtlSendData  usbd_ioreq.o
    0x0800ed84   0x0000001a   Code   RO         5380    i.USBD_CtlSendStatus  usbd_ioreq.o
    0x0800ed9e   0x00000002   PAD
    0x0800eda0   0x00000034   Code   RO         8355    i.USBD_FS_ConfigStrDescriptor  usbd_desc.o
    0x0800edd4   0x00000010   Code   RO         8356    i.USBD_FS_DeviceDescriptor  usbd_desc.o
    0x0800ede4   0x00000038   Code   RO         8357    i.USBD_FS_InterfaceStrDescriptor  usbd_desc.o
    0x0800ee1c   0x00000010   Code   RO         8358    i.USBD_FS_LangIDStrDescriptor  usbd_desc.o
    0x0800ee2c   0x0000002c   Code   RO         8359    i.USBD_FS_ManufacturerStrDescriptor  usbd_desc.o
    0x0800ee58   0x00000040   Code   RO         8360    i.USBD_FS_ProductStrDescriptor  usbd_desc.o
    0x0800ee98   0x00000018   Code   RO         8361    i.USBD_FS_SerialStrDescriptor  usbd_desc.o
    0x0800eeb0   0x00000056   Code   RO         5282    i.USBD_GetConfig    usbd_ctlreq.o
    0x0800ef06   0x00000152   Code   RO         5283    i.USBD_GetDescriptor  usbd_ctlreq.o
    0x0800f058   0x00000014   Code   RO         5284    i.USBD_GetLen       usbd_ctlreq.o
    0x0800f06c   0x0000005a   Code   RO         5285    i.USBD_GetStatus    usbd_ctlreq.o
    0x0800f0c6   0x00000052   Code   RO         5286    i.USBD_GetString    usbd_ctlreq.o
    0x0800f118   0x0000002c   Code   RO         8171    i.USBD_Get_USB_Status  usbd_conf.o
    0x0800f144   0x00000032   Code   RO         5144    i.USBD_Init         usbd_core.o
    0x0800f176   0x00000026   Code   RO         8172    i.USBD_LL_ClearStallEP  usbd_conf.o
    0x0800f19c   0x00000026   Code   RO         8173    i.USBD_LL_CloseEP   usbd_conf.o
    0x0800f1c2   0x00000100   Code   RO         5145    i.USBD_LL_DataInStage  usbd_core.o
    0x0800f2c2   0x000000a6   Code   RO         5146    i.USBD_LL_DataOutStage  usbd_core.o
    0x0800f368   0x00000006   Code   RO         5147    i.USBD_LL_DevConnected  usbd_core.o
    0x0800f36e   0x0000001a   Code   RO         5148    i.USBD_LL_DevDisconnected  usbd_core.o
    0x0800f388   0x00000012   Code   RO         8177    i.USBD_LL_GetRxDataSize  usbd_conf.o
    0x0800f39a   0x00000002   PAD
    0x0800f39c   0x00000068   Code   RO         8178    i.USBD_LL_Init      usbd_conf.o
    0x0800f404   0x00000038   Code   RO         8179    i.USBD_LL_IsStallEP  usbd_conf.o
    0x0800f43c   0x00000006   Code   RO         5149    i.USBD_LL_IsoINIncomplete  usbd_core.o
    0x0800f442   0x00000006   Code   RO         5150    i.USBD_LL_IsoOUTIncomplete  usbd_core.o
    0x0800f448   0x00000030   Code   RO         8180    i.USBD_LL_OpenEP    usbd_conf.o
    0x0800f478   0x00000030   Code   RO         8181    i.USBD_LL_PrepareReceive  usbd_conf.o
    0x0800f4a8   0x0000005c   Code   RO         5151    i.USBD_LL_Reset     usbd_core.o
    0x0800f504   0x0000000e   Code   RO         5152    i.USBD_LL_Resume    usbd_core.o
    0x0800f512   0x00000022   Code   RO         5153    i.USBD_LL_SOF       usbd_core.o
    0x0800f534   0x00000008   Code   RO         5154    i.USBD_LL_SetSpeed  usbd_core.o
    0x0800f53c   0x00000026   Code   RO         8182    i.USBD_LL_SetUSBAddress  usbd_conf.o
    0x0800f562   0x0000006e   Code   RO         5155    i.USBD_LL_SetupStage  usbd_core.o
    0x0800f5d0   0x00000026   Code   RO         8183    i.USBD_LL_StallEP   usbd_conf.o
    0x0800f5f6   0x0000001e   Code   RO         8184    i.USBD_LL_Start     usbd_conf.o
    0x0800f614   0x00000014   Code   RO         5156    i.USBD_LL_Suspend   usbd_core.o
    0x0800f628   0x00000030   Code   RO         8186    i.USBD_LL_Transmit  usbd_conf.o
    0x0800f658   0x00000028   Code   RO         5287    i.USBD_ParseSetupRequest  usbd_ctlreq.o
    0x0800f680   0x00000010   Code   RO         5157    i.USBD_RegisterClass  usbd_core.o
    0x0800f690   0x00000006   Code   RO         5158    i.USBD_RunTestMode  usbd_core.o
    0x0800f696   0x0000005a   Code   RO         5288    i.USBD_SetAddress   usbd_ctlreq.o
    0x0800f6f0   0x00000022   Code   RO         5159    i.USBD_SetClassConfig  usbd_core.o
    0x0800f712   0x00000002   PAD
    0x0800f714   0x000000e8   Code   RO         5289    i.USBD_SetConfig    usbd_ctlreq.o
    0x0800f7fc   0x00000018   Code   RO         5290    i.USBD_SetFeature   usbd_ctlreq.o
    0x0800f814   0x0000000e   Code   RO         5160    i.USBD_Start        usbd_core.o
    0x0800f822   0x000000a2   Code   RO         5291    i.USBD_StdDevReq    usbd_ctlreq.o
    0x0800f8c4   0x00000238   Code   RO         5292    i.USBD_StdEPReq     usbd_ctlreq.o
    0x0800fafc   0x0000007e   Code   RO         5293    i.USBD_StdItfReq    usbd_ctlreq.o
    0x0800fb7a   0x00000002   PAD
    0x0800fb7c   0x000000d0   Code   RO         4694    i.USB_ActivateEndpoint  stm32f4xx_ll_usb.o
    0x0800fc4c   0x00000046   Code   RO         4696    i.USB_ActivateSetup  stm32f4xx_ll_usb.o
    0x0800fc92   0x00000002   PAD
    0x0800fc94   0x00000084   Code   RO         4698    i.USB_CoreInit      stm32f4xx_ll_usb.o
    0x0800fd18   0x0000004c   Code   RO         4699    i.USB_CoreReset     stm32f4xx_ll_usb.o
    0x0800fd64   0x000000c4   Code   RO         4702    i.USB_DeactivateEndpoint  stm32f4xx_ll_usb.o
    0x0800fe28   0x00000020   Code   RO         4703    i.USB_DevConnect    stm32f4xx_ll_usb.o
    0x0800fe48   0x00000020   Code   RO         4704    i.USB_DevDisconnect  stm32f4xx_ll_usb.o
    0x0800fe68   0x000001f4   Code   RO         4705    i.USB_DevInit       stm32f4xx_ll_usb.o
    0x0801005c   0x0000000e   Code   RO         4706    i.USB_DisableGlobalInt  stm32f4xx_ll_usb.o
    0x0801006a   0x00000002   PAD
    0x0801006c   0x000001d8   Code   RO         4709    i.USB_EP0StartXfer  stm32f4xx_ll_usb.o
    0x08010244   0x00000070   Code   RO         4710    i.USB_EP0_OutStart  stm32f4xx_ll_usb.o
    0x080102b4   0x0000008e   Code   RO         4711    i.USB_EPClearStall  stm32f4xx_ll_usb.o
    0x08010342   0x0000009a   Code   RO         4712    i.USB_EPSetStall    stm32f4xx_ll_usb.o
    0x080103dc   0x00000344   Code   RO         4713    i.USB_EPStartXfer   stm32f4xx_ll_usb.o
    0x08010720   0x0000000e   Code   RO         4714    i.USB_EnableGlobalInt  stm32f4xx_ll_usb.o
    0x0801072e   0x00000002   PAD
    0x08010730   0x0000002c   Code   RO         4715    i.USB_FlushRxFifo   stm32f4xx_ll_usb.o
    0x0801075c   0x00000030   Code   RO         4716    i.USB_FlushTxFifo   stm32f4xx_ll_usb.o
    0x0801078c   0x00000026   Code   RO         4718    i.USB_GetDevSpeed   stm32f4xx_ll_usb.o
    0x080107b2   0x0000000a   Code   RO         4720    i.USB_GetMode       stm32f4xx_ll_usb.o
    0x080107bc   0x00000014   Code   RO         4727    i.USB_ReadDevAllInEpInterrupt  stm32f4xx_ll_usb.o
    0x080107d0   0x00000014   Code   RO         4728    i.USB_ReadDevAllOutEpInterrupt  stm32f4xx_ll_usb.o
    0x080107e4   0x00000032   Code   RO         4729    i.USB_ReadDevInEPInterrupt  stm32f4xx_ll_usb.o
    0x08010816   0x0000001a   Code   RO         4730    i.USB_ReadDevOutEPInterrupt  stm32f4xx_ll_usb.o
    0x08010830   0x0000000a   Code   RO         4731    i.USB_ReadInterrupts  stm32f4xx_ll_usb.o
    0x0801083a   0x00000022   Code   RO         4732    i.USB_ReadPacket    stm32f4xx_ll_usb.o
    0x0801085c   0x00000036   Code   RO         4734    i.USB_SetCurrentMode  stm32f4xx_ll_usb.o
    0x08010892   0x0000002a   Code   RO         4735    i.USB_SetDevAddress  stm32f4xx_ll_usb.o
    0x080108bc   0x00000012   Code   RO         4736    i.USB_SetDevSpeed   stm32f4xx_ll_usb.o
    0x080108ce   0x00000002   PAD
    0x080108d0   0x000000e8   Code   RO         4737    i.USB_SetTurnaroundTime  stm32f4xx_ll_usb.o
    0x080109b8   0x0000003c   Code   RO         4740    i.USB_WritePacket   stm32f4xx_ll_usb.o
    0x080109f4   0x00000004   Code   RO         7772    i.UsageFault_Handler  stm32f4xx_it.o
    0x080109f8   0x000000bc   Code   RO        10476    i.UserTask          user_task.o
    0x08010ab4   0x00000012   Code   RO        10606    i.Vision_Init       vision.o
    0x08010ac6   0x00000002   PAD
    0x08010ac8   0x0000009c   Code   RO        10610    i.Vision_mode_switch  vision.o
    0x08010b64   0x00000024   Code   RO        10611    i.Vision_task       vision.o
    0x08010b88   0x00000030   Code   RO        13563    i.__ARM_fpclassify  m_wm.l(fpclassify.o)
    0x08010bb8   0x00000026   Code   RO        13565    i.__ARM_fpclassifyf  m_wm.l(fpclassifyf.o)
    0x08010bde   0x00000002   PAD
    0x08010be0   0x00000010   Code   RO          848    i.__NVIC_GetPriorityGrouping  stm32f4xx_hal_cortex.o
    0x08010bf0   0x00000028   Code   RO          849    i.__NVIC_SetPriority  stm32f4xx_hal_cortex.o
    0x08010c18   0x00000006   Code   RO        12349    i.__get_PRIMASK     fifo.o
    0x08010c1e   0x00000002   PAD
    0x08010c20   0x0000012c   Code   RO        13217    i.__hardfp_asinf    m_wm.l(asinf.o)
    0x08010d4c   0x000002ac   Code   RO        13229    i.__hardfp_atan2f   m_wm.l(atan2f.o)
    0x08010ff8   0x000000c8   Code   RO        13241    i.__hardfp_cos      m_wm.l(cos.o)
    0x080110c0   0x00000150   Code   RO        13253    i.__hardfp_cosf     m_wm.l(cosf.o)
    0x08011210   0x00000358   Code   RO        13265    i.__hardfp_exp      m_wm.l(exp.o)
    0x08011568   0x00000014   Code   RO        13279    i.__hardfp_fabs     m_wm.l(fabs.o)
    0x0801157c   0x00000074   Code   RO        13335    i.__hardfp_fmin     m_wm.l(fmin.o)
    0x080115f0   0x00000c50   Code   RO        13285    i.__hardfp_pow      m_wm.l(pow.o)
    0x08012240   0x000000c8   Code   RO        13299    i.__hardfp_sin      m_wm.l(sin.o)
    0x08012308   0x00000190   Code   RO        13311    i.__hardfp_sinf     m_wm.l(sinf.o)
    0x08012498   0x0000007a   Code   RO        13339    i.__hardfp_sqrt     m_wm.l(sqrt_full.o)
    0x08012512   0x0000003a   Code   RO        13345    i.__hardfp_sqrtf    m_wm.l(sqrtf_full.o)
    0x0801254c   0x00000004   PAD
    0x08012550   0x00000438   Code   RO        13584    i.__ieee754_rem_pio2  m_wm.l(rred.o)
    0x08012988   0x00000170   Code   RO        13546    i.__kernel_cos      m_wm.l(cos_i.o)
    0x08012af8   0x000000f8   Code   RO        13581    i.__kernel_poly     m_wm.l(poly.o)
    0x08012bf0   0x00000130   Code   RO        13592    i.__kernel_sin      m_wm.l(sin_i.o)
    0x08012d20   0x00000030   Code   RO        13549    i.__mathlib_dbl_divzero  m_wm.l(dunder.o)
    0x08012d50   0x00000014   Code   RO        13550    i.__mathlib_dbl_infnan  m_wm.l(dunder.o)
    0x08012d64   0x00000014   Code   RO        13551    i.__mathlib_dbl_infnan2  m_wm.l(dunder.o)
    0x08012d78   0x00000020   Code   RO        13552    i.__mathlib_dbl_invalid  m_wm.l(dunder.o)
    0x08012d98   0x00000020   Code   RO        13553    i.__mathlib_dbl_overflow  m_wm.l(dunder.o)
    0x08012db8   0x00000020   Code   RO        13555    i.__mathlib_dbl_underflow  m_wm.l(dunder.o)
    0x08012dd8   0x00000006   Code   RO        13568    i.__mathlib_flt_infnan  m_wm.l(funder.o)
    0x08012dde   0x00000006   Code   RO        13569    i.__mathlib_flt_infnan2  m_wm.l(funder.o)
    0x08012de4   0x00000010   Code   RO        13570    i.__mathlib_flt_invalid  m_wm.l(funder.o)
    0x08012df4   0x00000010   Code   RO        13573    i.__mathlib_flt_underflow  m_wm.l(funder.o)
    0x08012e04   0x00000154   Code   RO        13589    i.__mathlib_rredf2  m_wm.l(rredf.o)
    0x08012f58   0x00000006   Code   RO        12350    i.__set_PRIMASK     fifo.o
    0x08012f5e   0x0000000e   Code   RO        13130    i._is_digit         c_w.l(__printf_wp.o)
    0x08012f6c   0x00000068   Code   RO        11355    i.aRGB_led_show     bsp_led.o
    0x08012fd4   0x00000030   Code   RO        11788    i.abs_limit         user_lib.o
    0x08013004   0x000001d0   Code   RO        12631    i.accel_comple_filter  AHRS.lib(ahrs.o)
    0x080131d4   0x0000018c   Code   RO        12632    i.accel_update_kp_ki  AHRS.lib(ahrs.o)
    0x08013360   0x0000003c   Code   RO        10835    i.adcx_get_chx_value  bsp_adc.o
    0x0801339c   0x0000016c   Code   RO        12633    i.angle_to_quat     AHRS.lib(ahrs.o)
    0x08013508   0x00000024   Code   RO        12289    i.append_CRC8_check_sum  CRC8_CRC16.o
    0x0801352c   0x00000044   Code   RO        10797    i.battery_voltage_task  voltage_task.o
    0x08013570   0x00000134   Code   RO        12051    i.bmi088_accel_init  BMI088driver.o
    0x080136a4   0x000002fc   Code   RO        12052    i.bmi088_accel_self_test  BMI088driver.o
    0x080139a0   0x000000f4   Code   RO        12053    i.bmi088_gyro_init  BMI088driver.o
    0x08013a94   0x000000d0   Code   RO        12054    i.bmi088_gyro_self_test  BMI088driver.o
    0x08013b64   0x00000010   Code   RO        10982    i.buzzer_off        bsp_buzzer.o
    0x08013b74   0x00000014   Code   RO        10983    i.buzzer_on         bsp_buzzer.o
    0x08013b88   0x000000e8   Code   RO        10798    i.calc_battery_percentage  voltage_task.o
    0x08013c70   0x00000160   Code   RO         9650    i.calc_gimbal_cali  gimbal_task.o
    0x08013dd0   0x000000ec   Code   RO         9213    i.cali_data_read    calibrate_task.o
    0x08013ebc   0x000001bc   Code   RO         9214    i.cali_data_write   calibrate_task.o
    0x08014078   0x0000006c   Code   RO         9215    i.cali_gimbal_hook  calibrate_task.o
    0x080140e4   0x00000064   Code   RO         9216    i.cali_gyro_hook    calibrate_task.o
    0x08014148   0x00000046   Code   RO         9217    i.cali_head_hook    calibrate_task.o
    0x0801418e   0x00000002   PAD
    0x08014190   0x000000b8   Code   RO         9218    i.cali_param_init   calibrate_task.o
    0x08014248   0x00000148   Code   RO         9219    i.calibrate_task    calibrate_task.o
    0x08014390   0x0000005c   Code   RO        11016    i.can_filter_init   bsp_can.o
    0x080143ec   0x00000824   Code   RO         8984    i.car_draw_body     UI_car.o
    0x08014c10   0x00000128   Code   RO         8985    i.car_draw_head_line  UI_car.o
    0x08014d38   0x00000016   Code   RO         8987    i.car_init_by_handle  UI_car.o
    0x08014d4e   0x0000006a   Code   RO         8988    i.car_init_head     UI_car.o
    0x08014db8   0x0000000c   Code   RO         8990    i.car_reset_back_armor_timer  UI_car.o
    0x08014dc4   0x0000000c   Code   RO         8991    i.car_reset_front_armor_timer  UI_car.o
    0x08014dd0   0x0000000c   Code   RO         8992    i.car_reset_left_armor_timer  UI_car.o
    0x08014ddc   0x0000000c   Code   RO         8993    i.car_reset_right_armor_timer  UI_car.o
    0x08014de8   0x00000036   Code   RO         8995    i.car_rotate_body   UI_car.o
    0x08014e1e   0x00000002   PAD
    0x08014e20   0x000000b8   Code   RO         9307    i.chassis_behaviour_control_set  chassis_behaviour.o
    0x08014ed8   0x000000a0   Code   RO         9308    i.chassis_behaviour_mode_set  chassis_behaviour.o
    0x08014f78   0x000001d0   Code   RO         9425    i.chassis_control_loop  chassis_task.o
    0x08015148   0x00000060   Code   RO         9309    i.chassis_engineer_follow_chassis_yaw_control  chassis_behaviour.o
    0x080151a8   0x0000017c   Code   RO         9426    i.chassis_feedback_update  chassis_task.o
    0x08015324   0x0000003c   Code   RO         9310    i.chassis_infantry_follow_gimbal_yaw_control  chassis_behaviour.o
    0x08015360   0x0000010c   Code   RO         9427    i.chassis_init      chassis_task.o
    0x0801546c   0x00000058   Code   RO         9428    i.chassis_mode_change_control_transit  chassis_task.o
    0x080154c4   0x00000044   Code   RO         9311    i.chassis_no_follow_yaw_control  chassis_behaviour.o
    0x08015508   0x0000002c   Code   RO         9312    i.chassis_no_move_control  chassis_behaviour.o
    0x08015534   0x0000005c   Code   RO         9313    i.chassis_open_set_control  chassis_behaviour.o
    0x08015590   0x00000370   Code   RO         9429    i.chassis_rc_to_control_vector  chassis_task.o
    0x08015900   0x00000434   Code   RO         9430    i.chassis_set_contorl  chassis_task.o
    0x08015d34   0x00000012   Code   RO         9431    i.chassis_set_mode  chassis_task.o
    0x08015d46   0x00000002   PAD
    0x08015d48   0x000000d0   Code   RO         9432    i.chassis_task      chassis_task.o
    0x08015e18   0x00000314   Code   RO         9433    i.chassis_vector_to_omni_wheel_speed  chassis_task.o
    0x0801612c   0x0000002c   Code   RO         9314    i.chassis_zero_force_control  chassis_behaviour.o
    0x08016158   0x00000118   Code   RO         9651    i.cmd_cali_gimbal_hook  gimbal_task.o
    0x08016270   0x00000030   Code   RO        11085    i.delay_init        bsp_delay.o
    0x080162a0   0x00000050   Code   RO        11087    i.delay_us          bsp_delay.o
    0x080162f0   0x00000124   Code   RO         9524    i.detect_hook       detect_task.o
    0x08016414   0x00000168   Code   RO         9525    i.detect_init       detect_task.o
    0x0801657c   0x00000288   Code   RO         9526    i.detect_task       detect_task.o
    0x08016804   0x00000084   Code   RO         6537    i.eTaskGetState     tasks.o
    0x08016888   0x00000018   Code   RO        13281    i.fabs              m_wm.l(fabs.o)
    0x080168a0   0x0000003a   Code   RO        12368    i.fifo_s_get        fifo.o
    0x080168da   0x00000016   Code   RO        12371    i.fifo_s_init       fifo.o
    0x080168f0   0x000000a0   Code   RO        12377    i.fifo_s_puts       fifo.o
    0x08016990   0x00000006   Code   RO        12379    i.fifo_s_used       fifo.o
    0x08016996   0x00000068   Code   RO        11789    i.first_order_filter_cali  user_lib.o
    0x080169fe   0x00000002   PAD
    0x08016a00   0x00000024   Code   RO        11790    i.first_order_filter_init  user_lib.o
    0x08016a24   0x0000002e   Code   RO        11126    i.flash_erase_address  bsp_flash.o
    0x08016a52   0x00000014   Code   RO        11127    i.flash_read        bsp_flash.o
    0x08016a66   0x00000002   PAD
    0x08016a68   0x00000098   Code   RO        11129    i.flash_write_single_address  bsp_flash.o
    0x08016b00   0x0000002a   Code   RO        11791    i.fp32_constrain    user_lib.o
    0x08016b2a   0x00000002   PAD
    0x08016b2c   0x000000f4   Code   RO        11130    i.ger_sector        bsp_flash.o
    0x08016c20   0x00000034   Code   RO        12290    i.get_CRC16_check_sum  CRC8_CRC16.o
    0x08016c54   0x00000024   Code   RO        12291    i.get_CRC8_check_sum  CRC8_CRC16.o
    0x08016c78   0x00000008   Code   RO         8665    i.get_INS_angle_point  INS_task.o
    0x08016c80   0x00000008   Code   RO         8666    i.get_INS_quat_point  INS_task.o
    0x08016c88   0x000000e8   Code   RO        12634    i.get_angle         AHRS.lib(ahrs.o)
    0x08016d70   0x00000048   Code   RO        10836    i.get_battery_voltage  bsp_adc.o
    0x08016db8   0x00000018   Code   RO         9652    i.get_body_rad      gimbal_task.o
    0x08016dd0   0x00000008   Code   RO         9864    i.get_buff_musk_point  referee.o
    0x08016dd8   0x00000010   Code   RO         9865    i.get_bullet_speed  referee.o
    0x08016de8   0x0000000c   Code   RO         8436    i.get_cap_percent   CAN_receive.o
    0x08016df4   0x0000000c   Code   RO         9434    i.get_cap_state     chassis_task.o
    0x08016e00   0x0000000c   Code   RO         9866    i.get_chassis_max_power  referee.o
    0x08016e0c   0x00000014   Code   RO         8437    i.get_chassis_motor_measure_point  CAN_receive.o
    0x08016e20   0x00000008   Code   RO         9435    i.get_chassis_point  chassis_task.o
    0x08016e28   0x0000000c   Code   RO         9220    i.get_control_temperature  calibrate_task.o
    0x08016e34   0x0000001c   Code   RO        10175    i.get_cover_state   servo_task.o
    0x08016e50   0x00000008   Code   RO         9527    i.get_error_list_point  detect_task.o
    0x08016e58   0x00000008   Code   RO         9868    i.get_field_event_point  referee.o
    0x08016e60   0x00000010   Code   RO         8438    i.get_fric_motor_measure_point  CAN_receive.o
    0x08016e70   0x00000040   Code   RO        10211    i.get_fric_state    shoot.o
    0x08016eb0   0x00000008   Code   RO         9870    i.get_game_result_point  referee.o
    0x08016eb8   0x00000008   Code   RO         9871    i.get_game_robot_HP_point  referee.o
    0x08016ec0   0x00000008   Code   RO         9872    i.get_game_robot_pos_point  referee.o
    0x08016ec8   0x00000008   Code   RO         9873    i.get_game_state_point  referee.o
    0x08016ed0   0x00000008   Code   RO         9653    i.get_gimbal_point  gimbal_task.o
    0x08016ed8   0x00000008   Code   RO         8668    i.get_gyro_data_point  INS_task.o
    0x08016ee0   0x00000070   Code   RO         8439    i.get_motor_measure_ecd  CAN_receive.o
    0x08016f50   0x000000e8   Code   RO        11131    i.get_next_flash_address  bsp_flash.o
    0x08017038   0x00000008   Code   RO         8440    i.get_pitch_gimbal_motor_measure_point  CAN_receive.o
    0x08017040   0x00000008   Code   RO         9656    i.get_pitch_motor_point  gimbal_task.o
    0x08017048   0x00000008   Code   RO        10094    i.get_remote_control_point  remote_control.o
    0x08017050   0x0000000c   Code   RO         9879    i.get_robot_id      referee.o
    0x0801705c   0x00000008   Code   RO         9880    i.get_robot_status_point  referee.o
    0x08017064   0x00000018   Code   RO         9882    i.get_shoot_heat1_limit_and_heat0  referee.o
    0x0801707c   0x00000018   Code   RO         9883    i.get_shoot_heat2_limit_and_heat1  referee.o
    0x08017094   0x00000008   Code   RO        10212    i.get_shoot_point   shoot.o
    0x0801709c   0x0000000c   Code   RO        10213    i.get_shooter_mode  shoot.o
    0x080170a8   0x0000005c   Code   RO        10838    i.get_temprate      bsp_adc.o
    0x08017104   0x00000008   Code   RO         8441    i.get_trigger_motor_measure_point  CAN_receive.o
    0x0801710c   0x00000030   Code   RO        10214    i.get_trigger_state  shoot.o
    0x0801713c   0x00000030   Code   RO         8093    i.get_vision_state  usbd_cdc_if.o
    0x0801716c   0x00000008   Code   RO         8442    i.get_yaw_gimbal_motor_measure_point  CAN_receive.o
    0x08017174   0x00000008   Code   RO         9657    i.get_yaw_motor_point  gimbal_task.o
    0x0801717c   0x000000d8   Code   RO         9658    i.gimbal_PID_calc   gimbal_task.o
    0x08017254   0x00000030   Code   RO         9659    i.gimbal_PID_clear  gimbal_task.o
    0x08017284   0x00000040   Code   RO         9660    i.gimbal_PID_init   gimbal_task.o
    0x080172c4   0x000000d4   Code   RO         9567    i.gimbal_absolute_angle_control  gimbal_behaviour.o
    0x08017398   0x000000f4   Code   RO         9661    i.gimbal_absolute_angle_limit  gimbal_task.o
    0x0801748c   0x000000ac   Code   RO         9568    i.gimbal_behaviour_control_set  gimbal_behaviour.o
    0x08017538   0x000000b4   Code   RO         9569    i.gimbal_behaviour_mode_set  gimbal_behaviour.o
    0x080175ec   0x0000019c   Code   RO         9570    i.gimbal_behavour_set  gimbal_behaviour.o
    0x08017788   0x000001d0   Code   RO         9571    i.gimbal_cali_control  gimbal_behaviour.o
    0x08017958   0x0000002c   Code   RO         9572    i.gimbal_cmd_to_chassis_stop  gimbal_behaviour.o
    0x08017984   0x00000024   Code   RO         9573    i.gimbal_cmd_to_shoot_stop  gimbal_behaviour.o
    0x080179a8   0x00000070   Code   RO         9662    i.gimbal_control_loop  gimbal_task.o
    0x08017a18   0x000000ec   Code   RO         9663    i.gimbal_feedback_update  gimbal_task.o
    0x08017b04   0x00000200   Code   RO         9664    i.gimbal_init       gimbal_task.o
    0x08017d04   0x000000c4   Code   RO         9574    i.gimbal_init_control  gimbal_behaviour.o
    0x08017dc8   0x000000c0   Code   RO         9665    i.gimbal_mode_change_control_transit  gimbal_task.o
    0x08017e88   0x00000020   Code   RO         9575    i.gimbal_motionless_control  gimbal_behaviour.o
    0x08017ea8   0x00000078   Code   RO         9666    i.gimbal_motor_absolute_angle_control  gimbal_task.o
    0x08017f20   0x00000022   Code   RO         9667    i.gimbal_motor_raw_angle_control  gimbal_task.o
    0x08017f42   0x0000005e   Code   RO         9668    i.gimbal_motor_relative_angle_control  gimbal_task.o
    0x08017fa0   0x000000d4   Code   RO         9576    i.gimbal_relative_angle_control  gimbal_behaviour.o
    0x08018074   0x0000004a   Code   RO         9669    i.gimbal_relative_angle_limit  gimbal_task.o
    0x080180be   0x00000002   PAD
    0x080180c0   0x000000f0   Code   RO         9670    i.gimbal_set_control  gimbal_task.o
    0x080181b0   0x00000012   Code   RO         9671    i.gimbal_set_mode   gimbal_task.o
    0x080181c2   0x00000002   PAD
    0x080181c4   0x000000e4   Code   RO         9672    i.gimbal_task       gimbal_task.o
    0x080182a8   0x000001c8   Code   RO         9673    i.gimbal_yaw_motor_absolute_angle_control  gimbal_task.o
    0x08018470   0x00000068   Code   RO         9674    i.gimbal_yaw_relative_angle_limit  gimbal_task.o
    0x080184d8   0x00000020   Code   RO         9577    i.gimbal_zero_force_control  gimbal_behaviour.o
    0x080184f8   0x00000054   Code   RO         8670    i.gyro_offset_calc  INS_task.o
    0x0801854c   0x0000012c   Code   RO         8671    i.imu_cali_slove    INS_task.o
    0x08018678   0x00000168   Code   RO         8672    i.imu_cmd_spi_dma   INS_task.o
    0x080187e0   0x0000000c   Code   RO        11293    i.imu_pwm_set       bsp_imu_pwm.o
    0x080187ec   0x000000b8   Code   RO         8673    i.imu_temp_control  INS_task.o
    0x080188a4   0x000000c4   Code   RO         9884    i.init_referee_struct_data  referee.o
    0x08018968   0x00000040   Code   RO        10839    i.init_vrefint_reciprocal  bsp_adc.o
    0x080189a8   0x00000070   Code   RO         9675    i.input_cal         gimbal_task.o
    0x08018a18   0x00000002   Code   RO        12206    i.ist8310_GPIO_init  ist8310driver_middleware.o
    0x08018a1a   0x00000002   PAD
    0x08018a1c   0x00000028   Code   RO        12208    i.ist8310_IIC_read_single_reg  ist8310driver_middleware.o
    0x08018a44   0x00000028   Code   RO        12210    i.ist8310_IIC_write_single_reg  ist8310driver_middleware.o
    0x08018a6c   0x00000014   Code   RO        12211    i.ist8310_RST_H     ist8310driver_middleware.o
    0x08018a80   0x00000014   Code   RO        12212    i.ist8310_RST_L     ist8310driver_middleware.o
    0x08018a94   0x00000002   Code   RO        12213    i.ist8310_com_init  ist8310driver_middleware.o
    0x08018a96   0x0000000c   Code   RO        12214    i.ist8310_delay_ms  ist8310driver_middleware.o
    0x08018aa2   0x00000002   PAD
    0x08018aa4   0x00000094   Code   RO        12171    i.ist8310_init      ist8310driver.o
    0x08018b38   0x00000c00   Code   RO         9106    i.label_draw        UI_label.o
    0x08019738   0x00000010   Code   RO        11321    i.laser_off         bsp_laser.o
    0x08019748   0x00000010   Code   RO        11322    i.laser_on          bsp_laser.o
    0x08019758   0x000001b0   Code   RO         9830    i.led_RGB_flow_task  led_flow_task.o
    0x08019908   0x00000060   Code   RO        11796    i.loop_fp32_constrain  user_lib.o
    0x08019968   0x0000007c   Code   RO         9436    i.lost_wheel_control  chassis_task.o
    0x080199e4   0x00000158   Code   RO         9437    i.lost_wheel_current_allowcate  chassis_task.o
    0x08019b3c   0x00000084   Code   RO         7501    i.main              main.o
    0x08019bc0   0x0000000e   Code   RO         5437    i.makeFreeRtosPriority  cmsis_os.o
    0x08019bce   0x00000002   PAD
    0x08019bd0   0x00000034   Code   RO         9676    i.motor_ecd_to_angle_change  gimbal_task.o
    0x08019c04   0x00000018   Code   RO         5439    i.osDelay           cmsis_os.o
    0x08019c1c   0x0000000a   Code   RO         5442    i.osKernelStart     cmsis_os.o
    0x08019c26   0x00000010   Code   RO         5475    i.osSystickHandler  cmsis_os.o
    0x08019c36   0x0000005e   Code   RO         5476    i.osThreadCreate    cmsis_os.o
    0x08019c94   0x00000030   Code   RO         6538    i.pcTaskGetName     tasks.o
    0x08019cc4   0x00000064   Code   RO        10342    i.projectile_tx_fast_update  usb_task.o
    0x08019d28   0x00000274   Code   RO        10343    i.projectile_tx_slow_update  usb_task.o
    0x08019f9c   0x0000000c   Code   RO        10344    i.projectile_tx_struct_init  usb_task.o
    0x08019fa8   0x000000a4   Code   RO         6539    i.prvAddCurrentTaskToDelayedList  tasks.o
    0x0801a04c   0x000000b8   Code   RO         6540    i.prvAddNewTaskToReadyList  tasks.o
    0x0801a104   0x00000074   Code   RO         6939    i.prvCheckForValidListAndQueue  timers.o
    0x0801a178   0x00000048   Code   RO         6541    i.prvCheckTasksWaitingTermination  tasks.o
    0x0801a1c0   0x0000002a   Code   RO         6168    i.prvCopyDataFromQueue  queue.o
    0x0801a1ea   0x0000007c   Code   RO         6169    i.prvCopyDataToQueue  queue.o
    0x0801a266   0x00000050   Code   RO         6542    i.prvDeleteTCB      tasks.o
    0x0801a2b6   0x00000002   PAD
    0x0801a2b8   0x00000028   Code   RO         6940    i.prvGetNextExpireTime  timers.o
    0x0801a2e0   0x0000007c   Code   RO         6029    i.prvHeapInit       heap_4.o
    0x0801a35c   0x00000028   Code   RO         6543    i.prvIdleTask       tasks.o
    0x0801a384   0x0000002a   Code   RO         6172    i.prvInitialiseNewQueue  queue.o
    0x0801a3ae   0x000000ba   Code   RO         6544    i.prvInitialiseNewTask  tasks.o
    0x0801a468   0x00000068   Code   RO         6545    i.prvInitialiseTaskLists  tasks.o
    0x0801a4d0   0x00000068   Code   RO         6030    i.prvInsertBlockIntoFreeList  heap_4.o
    0x0801a538   0x00000058   Code   RO         6942    i.prvInsertTimerInActiveList  timers.o
    0x0801a590   0x0000001a   Code   RO         6173    i.prvIsQueueEmpty   queue.o
    0x0801a5aa   0x0000001e   Code   RO         6174    i.prvIsQueueFull    queue.o
    0x0801a5c8   0x0000006a   Code   RO         6546    i.prvListTasksWithinSingleList  tasks.o
    0x0801a632   0x00000002   PAD
    0x0801a634   0x00000064   Code   RO         6943    i.prvProcessExpiredTimer  timers.o
    0x0801a698   0x00000128   Code   RO         6944    i.prvProcessReceivedCommands  timers.o
    0x0801a7c0   0x00000074   Code   RO         6945    i.prvProcessTimerOrBlockTask  timers.o
    0x0801a834   0x00000034   Code   RO         6547    i.prvResetNextTaskUnblockTime  tasks.o
    0x0801a868   0x0000002c   Code   RO         6946    i.prvSampleTimeNow  timers.o
    0x0801a894   0x0000009e   Code   RO         6548    i.prvSearchForNameWithinSingleList  tasks.o
    0x0801a932   0x00000002   PAD
    0x0801a934   0x000000a0   Code   RO         6947    i.prvSwitchTimerLists  timers.o
    0x0801a9d4   0x00000016   Code   RO         6549    i.prvTaskCheckFreeStackSpace  tasks.o
    0x0801a9ea   0x00000002   PAD
    0x0801a9ec   0x00000040   Code   RO         6091    i.prvTaskExitError  port.o
    0x0801aa2c   0x0000001a   Code   RO         6948    i.prvTimerTask      timers.o
    0x0801aa46   0x0000007e   Code   RO         6175    i.prvUnlockQueue    queue.o
    0x0801aac4   0x0000002a   Code   RO         6551    i.prvWriteNameToBuffer  tasks.o
    0x0801aaee   0x00000002   PAD
    0x0801aaf0   0x0000013c   Code   RO         6031    i.pvPortMalloc      heap_4.o
    0x0801ac2c   0x0000002c   Code   RO         6092    i.pxPortInitialiseStack  port.o
    0x0801ac58   0x00000084   Code   RO        12639    i.quat_normalization  AHRS.lib(ahrs.o)
    0x0801acdc   0x0000005a   Code   RO        11797    i.ramp_calc         user_lib.o
    0x0801ad36   0x00000002   PAD
    0x0801ad38   0x0000002c   Code   RO        11798    i.ramp_init         user_lib.o
    0x0801ad64   0x00000210   Code   RO         9885    i.referee_data_solve  referee.o
    0x0801af74   0x0000014c   Code   RO        10046    i.referee_unpack_fifo_data  referee_usart_task.o
    0x0801b0c0   0x00000038   Code   RO        10047    i.referee_usart_task  referee_usart_task.o
    0x0801b0f8   0x00000014   Code   RO        10095    i.remote_control_init  remote_control.o
    0x0801b10c   0x0000008c   Code   RO        10477    i.robot_id_data_init  user_task.o
    0x0801b198   0x00000040   Code   RO        10478    i.robot_id_select   user_task.o
    0x0801b1d8   0x000000da   Code   RO        10096    i.sbus_to_rc        remote_control.o
    0x0801b2b2   0x00000002   PAD
    0x0801b2b4   0x00000058   Code   RO        10097    i.sbus_to_usart1    remote_control.o
    0x0801b30c   0x00000034   Code   RO        10345    i.send_projectile_tx_fast  usb_task.o
    0x0801b340   0x00000034   Code   RO        10346    i.send_projectile_tx_slow  usb_task.o
    0x0801b374   0x0000000c   Code   RO        11459    i.servo_pwm_set     bsp_servo_pwm.o
    0x0801b380   0x00000094   Code   RO        10176    i.servo_task        servo_task.o
    0x0801b414   0x00000020   Code   RO         9677    i.set_cali_gimbal_hook  gimbal_task.o
    0x0801b434   0x000000b0   Code   RO        10215    i.shoot_bullet_control  shoot.o
    0x0801b4e4   0x00000284   Code   RO        10216    i.shoot_control_loop  shoot.o
    0x0801b768   0x00000198   Code   RO        10217    i.shoot_feedback_update  shoot.o
    0x0801b900   0x00000128   Code   RO        10218    i.shoot_init        shoot.o
    0x0801ba28   0x000003a0   Code   RO        10219    i.shoot_set_mode    shoot.o
    0x0801bdc8   0x0000006e   Code   RO        13341    i.sqrt              m_wm.l(sqrt_full.o)
    0x0801be36   0x0000003e   Code   RO        13347    i.sqrtf             m_wm.l(sqrtf_full.o)
    0x0801be74   0x00000034   Code   RO         7258    i.stats_task        freertos.o
    0x0801bea8   0x0000007c   Code   RO        10301    i.test_task         test_task.o
    0x0801bf24   0x00000018   Code   RO         9528    i.toe_is_error      detect_task.o
    0x0801bf3c   0x000000cc   Code   RO        10220    i.trigger_motor_turn_back  shoot.o
    0x0801c008   0x00000010   Code   RO        10479    i.ui_reset_car_back_armor_attacked_timer  user_task.o
    0x0801c018   0x00000010   Code   RO        10480    i.ui_reset_car_front_armor_attacked_timer  user_task.o
    0x0801c028   0x00000010   Code   RO        10481    i.ui_reset_car_left_armor_attacked_timer  user_task.o
    0x0801c038   0x00000010   Code   RO        10482    i.ui_reset_car_right_armor_attacked_timer  user_task.o
    0x0801c048   0x00000074   Code   RO         6553    i.ulTaskNotifyTake  tasks.o
    0x0801c0bc   0x0000007a   Code   RO        12640    i.update_w          AHRS.lib(ahrs.o)
    0x0801c136   0x00000002   PAD
    0x0801c138   0x000000a8   Code   RO        11521    i.usart1_tx_dma_enable  bsp_usart.o
    0x0801c1e0   0x00000074   Code   RO        11522    i.usart1_tx_dma_init  bsp_usart.o
    0x0801c254   0x00000138   Code   RO        11523    i.usart6_init       bsp_usart.o
    0x0801c38c   0x000000a8   Code   RO        11524    i.usart6_tx_dma_enable  bsp_usart.o
    0x0801c434   0x0000003a   Code   RO        10348    i.usb_task          usb_task.o
    0x0801c46e   0x00000028   Code   RO         5990    i.uxListRemove      list.o
    0x0801c496   0x00000002   PAD
    0x0801c498   0x00000028   Code   RO         6555    i.uxTaskGetStackHighWaterMark  tasks.o
    0x0801c4c0   0x000000b8   Code   RO         6556    i.uxTaskGetSystemState  tasks.o
    0x0801c578   0x00000018   Code   RO         7259    i.vApplicationGetIdleTaskMemory  freertos.o
    0x0801c590   0x00000018   Code   RO         7260    i.vApplicationGetTimerTaskMemory  freertos.o
    0x0801c5a8   0x0000001a   Code   RO         5991    i.vListInitialise   list.o
    0x0801c5c2   0x00000006   Code   RO         5992    i.vListInitialiseItem  list.o
    0x0801c5c8   0x00000034   Code   RO         5993    i.vListInsert       list.o
    0x0801c5fc   0x00000018   Code   RO         5994    i.vListInsertEnd    list.o
    0x0801c614   0x00000054   Code   RO         6094    i.vPortEnterCritical  port.o
    0x0801c668   0x0000003c   Code   RO         6095    i.vPortExitCritical  port.o
    0x0801c6a4   0x00000094   Code   RO         6032    i.vPortFree         heap_4.o
    0x0801c738   0x00000028   Code   RO         6096    i.vPortSetupTimerInterrupt  port.o
    0x0801c760   0x00000078   Code   RO         6097    i.vPortValidateInterruptPriority  port.o
    0x0801c7d8   0x0000002c   Code   RO         6181    i.vQueueAddToRegistry  queue.o
    0x0801c804   0x0000004a   Code   RO         6185    i.vQueueWaitForMessageRestricted  queue.o
    0x0801c84e   0x00000002   PAD
    0x0801c850   0x0000005c   Code   RO         6561    i.vTaskDelay        tasks.o
    0x0801c8ac   0x00000084   Code   RO         6565    i.vTaskGetInfo      tasks.o
    0x0801c930   0x000000d4   Code   RO         6566    i.vTaskGetRunTimeStats  tasks.o
    0x0801ca04   0x00000018   Code   RO         6567    i.vTaskInternalSetTimeOutState  tasks.o
    0x0801ca1c   0x000000e0   Code   RO         6568    i.vTaskList         tasks.o
    0x0801cafc   0x0000000c   Code   RO         6569    i.vTaskMissedYield  tasks.o
    0x0801cb08   0x000000f0   Code   RO         6570    i.vTaskNotifyGiveFromISR  tasks.o
    0x0801cbf8   0x00000038   Code   RO         6571    i.vTaskPlaceOnEventList  tasks.o
    0x0801cc30   0x00000040   Code   RO         6572    i.vTaskPlaceOnEventListRestricted  tasks.o
    0x0801cc70   0x000000bc   Code   RO         6580    i.vTaskStartScheduler  tasks.o
    0x0801cd2c   0x00000010   Code   RO         6582    i.vTaskSuspendAll   tasks.o
    0x0801cd3c   0x000000cc   Code   RO         6583    i.vTaskSwitchContext  tasks.o
    0x0801ce08   0x00000040   Code   RO        12292    i.verify_CRC16_check_sum  CRC8_CRC16.o
    0x0801ce48   0x0000002e   Code   RO        12293    i.verify_CRC8_check_sum  CRC8_CRC16.o
    0x0801ce76   0x00000002   PAD
    0x0801ce78   0x00000168   Code   RO         6098    i.xPortStartScheduler  port.o
    0x0801cfe0   0x00000034   Code   RO         6099    i.xPortSysTickHandler  port.o
    0x0801d014   0x000000de   Code   RO         6189    i.xQueueGenericCreateStatic  queue.o
    0x0801d0f2   0x00000002   PAD
    0x0801d0f4   0x00000098   Code   RO         6190    i.xQueueGenericReset  queue.o
    0x0801d18c   0x000001a8   Code   RO         6191    i.xQueueGenericSend  queue.o
    0x0801d334   0x000000f8   Code   RO         6192    i.xQueueGenericSendFromISR  queue.o
    0x0801d42c   0x00000168   Code   RO         6200    i.xQueueReceive     queue.o
    0x0801d594   0x000000a8   Code   RO         6585    i.xTaskCheckForTimeOut  tasks.o
    0x0801d63c   0x00000064   Code   RO         6586    i.xTaskCreate       tasks.o
    0x0801d6a0   0x000000b8   Code   RO         6587    i.xTaskCreateStatic  tasks.o
    0x0801d758   0x000000a4   Code   RO         6591    i.xTaskGetHandle    tasks.o
    0x0801d7fc   0x00000020   Code   RO         6592    i.xTaskGetSchedulerState  tasks.o
    0x0801d81c   0x0000000c   Code   RO         6593    i.xTaskGetTickCount  tasks.o
    0x0801d828   0x00000148   Code   RO         6595    i.xTaskIncrementTick  tasks.o
    0x0801d970   0x000000c8   Code   RO         6598    i.xTaskPriorityDisinherit  tasks.o
    0x0801da38   0x00000098   Code   RO         6600    i.xTaskRemoveFromEventList  tasks.o
    0x0801dad0   0x00000104   Code   RO         6601    i.xTaskResumeAll    tasks.o
    0x0801dbd4   0x00000078   Code   RO         6955    i.xTimerCreateTimerTask  timers.o
    0x0801dc4c   0x00000084   Code   RO         6956    i.xTimerGenericCommand  timers.o
    0x0801dcd0   0x0000002c   Code   RO        13679    locale$$code        c_w.l(lc_numeric_c.o)
    0x0801dcfc   0x00000018   Code   RO        13167    x$fpl$basic         g_wm.l(basic.o)
    0x0801dd14   0x000002c4   Code   RO        13169    x$fpl$d2f           g_wm.l(d2f_clz.o)
    0x0801dfd8   0x0000024c   Code   RO        13171    x$fpl$dadd          g_wm.l(daddsub_clz.o)
    0x0801e224   0x0000001c   Code   RO        13690    x$fpl$dcheck1       g_wm.l(dcheck1.o)
    0x0801e240   0x00000118   Code   RO        13513    x$fpl$dcmp4         g_wm.l(dcmp4.o)
    0x0801e358   0x00000018   Code   RO        13515    x$fpl$dcmpinf       g_wm.l(dcmpi.o)
    0x0801e370   0x0000037c   Code   RO        13178    x$fpl$ddiv          g_wm.l(ddiv_clz.o)
    0x0801e6ec   0x000000c8   Code   RO        13181    x$fpl$dfix          g_wm.l(dfix.o)
    0x0801e7b4   0x000000dc   Code   RO        13185    x$fpl$dfixu         g_wm.l(dfixu.o)
    0x0801e890   0x0000002e   Code   RO        13190    x$fpl$dflt          g_wm.l(dflt_clz.o)
    0x0801e8be   0x0000001a   Code   RO        13191    x$fpl$dfltn         g_wm.l(dflt_clz.o)
    0x0801e8d8   0x00000026   Code   RO        13189    x$fpl$dfltu         g_wm.l(dflt_clz.o)
    0x0801e8fe   0x00000002   PAD
    0x0801e900   0x00000078   Code   RO        13195    x$fpl$dleqf         g_wm.l(dleqf.o)
    0x0801e978   0x000001c0   Code   RO        13197    x$fpl$dmul          g_wm.l(dmul_clz.o)
    0x0801eb38   0x00000102   Code   RO        13517    x$fpl$dnaninf       g_wm.l(dnaninf.o)
    0x0801ec3a   0x00000070   Code   RO        13519    x$fpl$drenorm       g_wm.l(drenorm_clz.o)
    0x0801ecaa   0x0000000c   Code   RO        13521    x$fpl$dretinf       g_wm.l(dretinf.o)
    0x0801ecb6   0x00000062   Code   RO        13199    x$fpl$drleqf        g_wm.l(drleqf.o)
    0x0801ed18   0x00000050   Code   RO        13172    x$fpl$drsb          g_wm.l(daddsub_clz.o)
    0x0801ed68   0x00000208   Code   RO        13523    x$fpl$dsqrt         g_wm.l(dsqrt_umaalclz.o)
    0x0801ef70   0x0000029c   Code   RO        13173    x$fpl$dsub          g_wm.l(daddsub_clz.o)
    0x0801f20c   0x0000017a   Code   RO        13525    x$fpl$dunder        g_wm.l(dunder_clz.o)
    0x0801f386   0x00000002   PAD
    0x0801f388   0x000001ec   Code   RO        13527    x$fpl$exception     g_wm.l(except.o)
    0x0801f574   0x0000007a   Code   RO        13201    x$fpl$f2d           g_wm.l(f2d.o)
    0x0801f5ee   0x000000f2   Code   RO        13529    x$fpl$fnaninf       g_wm.l(fnaninf.o)
    0x0801f6e0   0x0000000a   Code   RO        13692    x$fpl$fpinit        g_wm.l(fpinit.o)
    0x0801f6ea   0x0000000a   Code   RO        13531    x$fpl$fretinf       g_wm.l(fretinf.o)
    0x0801f6f4   0x0000013c   Code   RO        13533    x$fpl$funder        g_wm.l(funder_clz.o)
    0x0801f830   0x00000020   Code   RO        13694    x$fpl$ieeestatus    g_wm.l(istatus.o)
    0x0801f850   0x00000004   Code   RO        13203    x$fpl$printf1       g_wm.l(printf1.o)
    0x0801f854   0x000000b2   Code   RO        13696    x$fpl$retnan        g_wm.l(retnan.o)
    0x0801f906   0x00000002   PAD
    0x0801f908   0x00000114   Code   RO        13541    x$fpl$scalbn        g_wm.l(scalbn_clz.o)
    0x0801fa1c   0x0000007e   Code   RO        13543    x$fpl$trapveneer    g_wm.l(trapv.o)
    0x0801fa9a   0x00000000   Code   RO        13545    x$fpl$usenofp       g_wm.l(usenofp.o)
    0x0801fa9a   0x00000008   Data   RO         1045    .constdata          stm32f4xx_hal_dma.o
    0x0801faa2   0x00000002   PAD
    0x0801faa4   0x00000188   Data   RO         7262    .constdata          freertos.o
    0x0801fc2c   0x00000018   Data   RO         7890    .constdata          system_stm32f4xx.o
    0x0801fc44   0x00000018   Data   RO         8675    .constdata          INS_task.o
    0x0801fc5c   0x00000302   Data   RO         8808    .constdata          RM_Cilent_UI.o
    0x0801ff5e   0x00000002   PAD
    0x0801ff60   0x00001680   Data   RO         8998    .constdata          UI_car.o
    0x080215e0   0x0000000f   Data   RO         9223    .constdata          calibrate_task.o
    0x080215ef   0x00000001   PAD
    0x080215f0   0x00000038   Data   RO         9439    .constdata          chassis_task.o
    0x08021628   0x00000060   Data   RO         9530    .constdata          detect_task.o
    0x08021688   0x00000018   Data   RO         9679    .constdata          gimbal_task.o
    0x080216a0   0x00000024   Data   RO        10222    .constdata          shoot.o
    0x080216c4   0x00000012   Data   RO        12059    .constdata          BMI088driver.o
    0x080216d6   0x0000000c   Data   RO        12174    .constdata          ist8310driver.o
    0x080216e2   0x00000302   Data   RO        12294    .constdata          CRC8_CRC16.o
    0x080219e4   0x0000000c   Data   RO        12641    .constdata          AHRS.lib(ahrs.o)
    0x080219f0   0x00000804   Data   RO        13019    .constdata          arm_cortexM4lf_math.lib(arm_common_tables.o)
    0x080221f4   0x00000011   Data   RO        13138    .constdata          c_w.l(__printf_flags_ss_wp.o)
    0x08022205   0x00000003   PAD
    0x08022208   0x00000058   Data   RO        13268    .constdata          m_wm.l(exp.o)
    0x08022260   0x00000088   Data   RO        13288    .constdata          m_wm.l(pow.o)
    0x080222e8   0x00000030   Data   RO        13547    .constdata          m_wm.l(cos_i.o)
    0x08022318   0x00000008   Data   RO        13583    .constdata          m_wm.l(qnan.o)
    0x08022320   0x000000c8   Data   RO        13586    .constdata          m_wm.l(rred.o)
    0x080223e8   0x00000020   Data   RO        13590    .constdata          m_wm.l(rredf.o)
    0x08022408   0x00000028   Data   RO        13593    .constdata          m_wm.l(sin_i.o)
    0x08022430   0x00000094   Data   RO        13652    .constdata          c_w.l(bigflt0.o)
    0x080224c4   0x00000081   Data   RO         7263    .conststring        freertos.o
    0x08022545   0x00000003   PAD
    0x08022548   0x00000020   Data   RO        13794    Region$$Table       anon$$obj.o
    0x08022568   0x0000001c   Data   RO        13678    locale$$data        c_w.l(lc_numeric_c.o)


    Execution Region RW_IRAM1 (Base: 0x20000000, Size: 0x0000f178, Max: 0x00020000, ABSOLUTE, COMPRESSED[0x000001e0])

    Base Addr    Size         Type   Attr      Idx    E Section Name        Object

    0x20000000   0x00000009   Data   RW           31    .data               stm32f4xx_hal.o
    0x20000009   0x00000003   PAD
    0x2000000c   0x0000010f   Data   RW         5021    .data               usbd_cdc.o
    0x2000011b   0x00000001   Data   RW         5294    .data               usbd_ctlreq.o
    0x2000011c   0x00000018   Data   RW         6037    .data               heap_4.o
    0x20000134   0x0000000c   Data   RW         6100    .data               port.o
    0x20000140   0x00000044   Data   RW         6604    .data               tasks.o
    0x20000184   0x00000014   Data   RW         6964    .data               timers.o
    0x20000198   0x00000004   Data   RW         7143    .data               can.o
    0x2000019c   0x00000008   Data   RW         7190    .data               crc.o
    0x200001a4   0x00000004   PAD
    0x200001a8   0x00000048   Data   RW         7264    .data               freertos.o
    0x200001f0   0x00000004   Data   RW         7891    .data               system_stm32f4xx.o
    0x200001f4   0x00000024   Data   RW         8095    .data               usbd_cdc_if.o
    0x20000218   0x0000004e   Data   RW         8363    .data               usbd_desc.o
    0x20000266   0x00000025   Data   RW         8444    .data               CAN_receive.o
    0x2000028b   0x00000001   PAD
    0x2000028c   0x000000a0   Data   RW         8676    .data               INS_task.o
    0x2000032c   0x00000008   Data   RW         8809    .data               RM_Cilent_UI.o
    0x20000334   0x0000000c   Data   RW         9108    .data               UI_label.o
    0x20000340   0x00000076   Data   RW         9224    .data               calibrate_task.o
    0x200003b6   0x00000001   Data   RW         9315    .data               chassis_behaviour.o
    0x200003b7   0x00000001   Data   RW         9389    .data               chassis_power_control.o
    0x200003b8   0x0000002c   Data   RW         9440    .data               chassis_task.o
    0x200003e4   0x00000009   Data   RW         9531    .data               detect_task.o
    0x200003ed   0x00000001   PAD
    0x200003ee   0x00000012   Data   RW         9578    .data               gimbal_behaviour.o
    0x20000400   0x00000018   Data   RW         9680    .data               gimbal_task.o
    0x20000418   0x0000001c   Data   RW         9831    .data               led_flow_task.o
    0x20000434   0x00000035   Data   RW         9888    .data               referee.o
    0x20000469   0x00000001   PAD
    0x2000046a   0x00000002   Data   RW        10049    .data               referee_usart_task.o
    0x2000046c   0x00000003   Data   RW        10101    .data               remote_control.o
    0x2000046f   0x00000001   PAD
    0x20000470   0x0000000f   Data   RW        10177    .data               servo_task.o
    0x2000047f   0x00000001   PAD
    0x20000480   0x00000020   Data   RW        10223    .data               shoot.o
    0x200004a0   0x0000000b   Data   RW        10302    .data               test_task.o
    0x200004ab   0x00000001   PAD
    0x200004ac   0x00000018   Data   RW        10355    .data               usb_task.o
    0x200004c4   0x0000000a   Data   RW        10484    .data               user_task.o
    0x200004ce   0x00000002   PAD
    0x200004d0   0x000001c9   Data   RW        10619    .data               vision.o
    0x20000699   0x00000003   PAD
    0x2000069c   0x00000008   Data   RW        10800    .data               voltage_task.o
    0x200006a4   0x00000004   Data   RW        10841    .data               bsp_adc.o
    0x200006a8   0x00000008   Data   RW        11088    .data               bsp_delay.o
    0x200006b0   0x00000010   Data   RW        11132    .data               bsp_flash.o
    0x200006c0   0x00000008   Data   RW        11356    .data               bsp_led.o
    0x200006c8   0x0000002c   Data   RW        12060    .data               BMI088driver.o
    0x200006f4   0x00000002   Data   RW        12295    .data               CRC8_CRC16.o
    0x200006f6   0x00000002   PAD
    0x200006f8   0x00000010   Data   RW        12642    .data               AHRS.lib(ahrs.o)
    0x20000708   0x00000020   Zero   RW         1266    .bss                stm32f4xx_hal_flash.o
    0x20000728   0x00006000   Zero   RW         6036    .bss                heap_4.o
    0x20006728   0x00000040   Zero   RW         6203    .bss                queue.o
    0x20006768   0x000000f0   Zero   RW         6603    .bss                tasks.o
    0x20006858   0x00000118   Zero   RW         6963    .bss                timers.o
    0x20006970   0x00000090   Zero   RW         7094    .bss                adc.o
    0x20006a00   0x00000050   Zero   RW         7142    .bss                can.o
    0x20006a50   0x000006c0   Zero   RW         7261    .bss                freertos.o
    0x20007110   0x0000015c   Zero   RW         7450    .bss                i2c.o
    0x2000726c   0x00000010   Zero   RW         7602    .bss                rng.o
    0x2000727c   0x00000020   Zero   RW         7644    .bss                rtc.o
    0x2000729c   0x00000170   Zero   RW         7687    .bss                spi.o
    0x2000740c   0x00000180   Zero   RW         7934    .bss                tim.o
    0x2000758c   0x00000240   Zero   RW         8008    .bss                usart.o
    0x200077cc   0x0000029c   Zero   RW         8058    .bss                usb_device.o
    0x20007a68   0x000008c0   Zero   RW         8094    .bss                usbd_cdc_if.o
    0x20008328   0x00000408   Zero   RW         8187    .bss                usbd_conf.o
    0x20008730   0x00000200   Zero   RW         8362    .bss                usbd_desc.o
    0x20008930   0x00000108   Zero   RW         8443    .bss                CAN_receive.o
    0x20008a38   0x0000013c   Zero   RW         8674    .bss                INS_task.o
    0x20008b74   0x000001ed   Zero   RW         9107    .bss                UI_label.o
    0x20008d61   0x00000003   PAD
    0x20008d64   0x00000174   Zero   RW         9222    .bss                calibrate_task.o
    0x20008ed8   0x000002fc   Zero   RW         9438    .bss                chassis_task.o
    0x200091d4   0x00000264   Zero   RW         9529    .bss                detect_task.o
    0x20009438   0x00000254   Zero   RW         9678    .bss                gimbal_task.o
    0x2000968c   0x00000054   Zero   RW         9887    .bss                referee.o
    0x200096e0   0x000008a1   Zero   RW        10048    .bss                referee_usart_task.o
    0x20009f81   0x00000072   Zero   RW        10100    .bss                remote_control.o
    0x20009ff3   0x00000001   PAD
    0x20009ff4   0x00000168   Zero   RW        10221    .bss                shoot.o
    0x2000a15c   0x00000004   PAD
    0x2000a160   0x000002e7   Zero   RW        10353    .bss                usb_task.o
    0x2000a447   0x00000001   PAD
    0x2000a448   0x000001f8   Zero   RW        10483    .bss                user_task.o
    0x2000a640   0x00000ac4   Zero   RW        10618    .bss                vision.o
    0x2000b104   0x00000010   Zero   RW        10840    .bss                bsp_adc.o
    0x2000b114   0x00000060   Zero   RW        13601    .bss                c_w.l(libspace.o)
    0x2000b174   0x00000004   PAD
    0x2000b178   0x00002000   Zero   RW         4997    HEAP                startup_stm32f407xx.o
    0x2000d178   0x00002000   Zero   RW         4996    STACK               startup_stm32f407xx.o


==============================================================================

Image component sizes


      Code (inc. data)   RO Data    RW Data    ZI Data      Debug   Object Name

       168          4          0          0          0       5576   AHRS_middleware.o
       140         28          0          0          0       4944   BMI088Middleware.o
      2338         40         18         44          0      10775   BMI088driver.o
      1360        120          0         37        264     607540   CAN_receive.o
       234         16        770          2          0       4537   CRC8_CRC16.o
      4304        332         24        160        316      16977   INS_task.o
      1468         58        770          8          0      13530   RM_Cilent_UI.o
       424         52          0          0          0       7456   UI_ProgressBar.o
      2610         40       5760          0          0       8554   UI_car.o
      3738        364          0         12        493      20247   UI_label.o
       396         42          0          0        144       2366   adc.o
       288         44          0          4         16     614816   bsp_adc.o
        36         12          0          0          0       1017   bsp_buzzer.o
        92          8          0          0          0        598   bsp_can.o
       128         20          0          8          0       1372   bsp_delay.o
       694        108          0         16          0       4137   bsp_flash.o
       124         14          0          0          0        530   bsp_i2c.o
        12          4          0          0          0        510   bsp_imu_pwm.o
        32         10          0          0          0        935   bsp_laser.o
       104         22          0          8          0        600   bsp_led.o
       260         28          0          0          0       2019   bsp_rc.o
        12          4          0          0          0        520   bsp_servo_pwm.o
     10428        170          0          0          0       5686   bsp_spi.o
       764         62          0          0          0       2912   bsp_usart.o
      2366        120         15        118        372       9814   calibrate_task.o
       496         44          0          4         80       2454   can.o
       748         38          0          1          0      14942   chassis_behaviour.o
         0          0          0          1          0       3648   chassis_power_control.o
      4658        218         56         44        764      12053   chassis_task.o
       158          0          0          0          0      32658   cmsis_os.o
        84         18          0          8          0       1503   crc.o
         0          0          0          0          0      16376   croutine.o
      1332         44         96          9        612       3933   detect_task.o
       184          6          0          0          0        850   dma.o
         0          0          0          0          0      17844   event_groups.o
       258          0          0          0          0      10239   fifo.o
       520         88        521         72       1728      17259   freertos.o
      1992        158          0         18          0       9047   gimbal_behaviour.o
      3964        280         24         24        596      22428   gimbal_task.o
       596         30          0          0          0       1331   gpio.o
       692         62          0         24      24576      21211   heap_4.o
       700         80          0          0        348       3120   i2c.o
       148          6         12          0          0       1995   ist8310driver.o
       136         22          0          0          0       4091   ist8310driver_middleware.o
       432         10          0         28          0       1689   led_flow_task.o
       148          0          0          0          0       3630   list.o
       346         14          0          0          0       2636   main.o
       858         16          0          0          0       4836   pid.o
      1014         92          0         12          0      12589   port.o
      1914         20          0          0         64      14844   queue.o
       868        214          0         53         84       9402   referee.o
       684         50          0          2       2209       3983   referee_usart_task.o
       654         44          0          3        114       3921   remote_control.o
        84         18          0          0         16       1503   rng.o
        76         16          0          0         32       1455   rtc.o
       176         30          0         15          0       2199   servo_task.o
      2788        240         36         32        360       8954   shoot.o
       604         54          0          0        368       2604   spi.o
        64         26        392          0      16384        852   startup_stm32f407xx.o
       212         36          0          9          0     762869   stm32f4xx_hal.o
      1370         54          0          0          0       5206   stm32f4xx_hal_adc.o
      2136          6          0          0          0      14539   stm32f4xx_hal_can.o
       372         30          0          0          0      35178   stm32f4xx_hal_cortex.o
        36          0          0          0          0       1067   stm32f4xx_hal_crc.o
      1034         16          8          0          0       3948   stm32f4xx_hal_dma.o
       636         64          0          0         32       6106   stm32f4xx_hal_flash.o
       432         26          0          0          0       3318   stm32f4xx_hal_flash_ex.o
       568         50          0          0          0       3678   stm32f4xx_hal_gpio.o
      2772         46          0          0          0      11746   stm32f4xx_hal_i2c.o
        84          6          0          0          0        858   stm32f4xx_hal_msp.o
      3242         18          0          0          0      13089   stm32f4xx_hal_pcd.o
        90          0          0          0          0       2485   stm32f4xx_hal_pcd_ex.o
      1732         84          0          0          0       5624   stm32f4xx_hal_rcc.o
       416         20          0          0          0       1428   stm32f4xx_hal_rcc_ex.o
        52          0          0          0          0       1095   stm32f4xx_hal_rng.o
       336          4          0          0          0       2660   stm32f4xx_hal_rtc.o
       970          8          0          0          0       4561   stm32f4xx_hal_spi.o
      2030         90          0          0          0      17553   stm32f4xx_hal_tim.o
       204          0          0          0          0       3321   stm32f4xx_hal_tim_ex.o
       986          8          0          0          0       1844   stm32f4xx_hal_uart.o
       210         44          0          0          0       8858   stm32f4xx_it.o
      3696        112          0          0          0      23006   stm32f4xx_ll_usb.o
       100         18         24          4          0       1191   system_stm32f4xx.o
      4794        536          0         68        240      37385   tasks.o
       124         18          0         11          0       1968   test_task.o
      2156        160          0          0        384       6927   tim.o
      1238        124          0         20        280      10875   timers.o
       924         90          0          0        576       3496   usart.o
        76         16          0          0        668        772   usb_device.o
       902         50          0         24        743      12775   usb_task.o
       964         24          0        271          0      19450   usbd_cdc.o
       308         44          0         36       2240       5027   usbd_cdc_if.o
       990         18          0          0       1032      16000   usbd_conf.o
       886          0          0          0          0      13209   usbd_core.o
      1944         28          0          1          0      11256   usbd_ctlreq.o
       386        122          0         78        512       6769   usbd_desc.o
       174          0          0          0          0       4792   usbd_ioreq.o
       460          8          0          0          0       5815   user_lib.o
      2212        182          0         10        504      13614   user_task.o
       210         10          0        457       2756      41813   vision.o
       300         62          0          8          0       1588   voltage_task.o

    ----------------------------------------------------------------------
    102770       5892       8566       1784      59916    2768806   Object Totals
         0          0         32          0          0          0   (incl. Generated)
       110          0          8         20          9          0   (incl. Padding)

    ----------------------------------------------------------------------

      Code (inc. data)   RO Data    RW Data    ZI Data      Debug   Library Member Name

      2718         84         12         16          0       9922   ahrs.o
         0          0       2052          0          0       4636   arm_common_tables.o
       120         12          0          0          0      16970   arm_cos_f32.o
       116         12          0          0          0        658   arm_sin_f32.o
        44          6          0          0          0         84   __2sprintf.o
        90          0          0          0          0          0   __dczerorl2.o
         8          0          0          0          0         68   __main.o
       392          4         17          0          0         92   __printf_flags_ss_wp.o
        14          0          0          0          0         68   __printf_wp.o
         0          0          0          0          0          0   __rtentry.o
        12          0          0          0          0          0   __rtentry2.o
         6          0          0          0          0          0   __rtentry4.o
        52          8          0          0          0          0   __scatter.o
        28          0          0          0          0          0   __scatter_zi.o
        48          4          0          0          0         84   _fptrap.o
         6          0          0          0          0          0   _printf_c.o
        44          0          0          0          0        108   _printf_char.o
        48          6          0          0          0         96   _printf_char_common.o
         6          0          0          0          0          0   _printf_d.o
       120         16          0          0          0         92   _printf_dec.o
         6          0          0          0          0          0   _printf_f.o
      1054          0          0          0          0        216   _printf_fp_dec.o
       128         16          0          0          0         84   _printf_fp_infnan.o
       178          0          0          0          0         88   _printf_intcommon.o
         0          0          0          0          0          0   _printf_percent.o
         4          0          0          0          0          0   _printf_percent_end.o
        82          0          0          0          0         80   _printf_str.o
         6          0          0          0          0          0   _printf_u.o
        22          0          0          0          0        100   _rserrno.o
        10          0          0          0          0         68   _sputc.o
        16          0          0          0          0         68   aeabi_memset.o
       228          4        148          0          0         96   bigflt0.o
      1936        128          0          0          0        672   btod.o
        10          0          0          0          0         68   defsig_exit.o
       172        110          0          0          0         76   defsig_fpe_inner.o
        14          0          0          0          0         80   defsig_fpe_outer.o
        50          0          0          0          0         88   defsig_general.o
        80         58          0          0          0         76   defsig_rtmem_inner.o
        14          0          0          0          0         80   defsig_rtmem_outer.o
        18          0          0          0          0         80   exit.o
        94          0          0          0          0         80   h1_alloc.o
        52          0          0          0          0         68   h1_extend.o
        78          0          0          0          0         80   h1_free.o
        14          0          0          0          0         84   h1_init.o
         6          0          0          0          0        152   heapauxi.o
         4          0          0          0          0        136   hguard.o
         0          0          0          0          0          0   indicate_semi.o
       138          0          0          0          0        168   init_alloc.o
        44         10         28          0          0         76   lc_numeric_c.o
         2          0          0          0          0          0   libinit.o
        30          0          0          0          0          0   libinit2.o
         2          0          0          0          0          0   libshutdown.o
         2          0          0          0          0          0   libshutdown2.o
         8          4          0          0         96         68   libspace.o
       138          0          0          0          0         80   lludiv10.o
       238          0          0          0          0        100   lludivv7m.o
         0          0          0          0          0          0   maybetermalloc1.o
        88          0          0          0          0         76   memcmp.o
         8          4          0          0          0         68   rt_errno_addr_intlibspace.o
         8          4          0          0          0         68   rt_heap_descriptor_intlibspace.o
         8          4          0          0          0         68   rt_locale_intlibspace.o
        68          0          0          0          0         68   rt_memclr.o
        78          0          0          0          0         80   rt_memclr_w.o
       138          0          0          0          0         68   rt_memcpy_v6.o
       100          0          0          0          0         80   rt_memcpy_w.o
         2          0          0          0          0          0   rtexit.o
        10          0          0          0          0          0   rtexit2.o
       128          0          0          0          0         68   strcmpv7m.o
        72          0          0          0          0         80   strcpy.o
        62          0          0          0          0         76   strlen.o
        12          4          0          0          0         68   sys_exit.o
        74          0          0          0          0         80   sys_stackheap_outer.o
        14          0          0          0          0         76   sys_wrch.o
         2          0          0          0          0         68   use_no_semi.o
        24          0          0          0          0        164   basic.o
       708         16          0          0          0        140   d2f_clz.o
      1336         32          0          0          0        532   daddsub_clz.o
        28          0          0          0          0        116   dcheck1.o
       280         16          0          0          0        228   dcmp4.o
        24          0          0          0          0        116   dcmpi.o
       892        152          0          0          0        292   ddiv_clz.o
       200         16          0          0          0        184   dfix.o
       220         16          0          0          0        192   dfixu.o
       110          0          0          0          0        348   dflt_clz.o
       120          8          0          0          0        140   dleqf.o
       448         16          0          0          0        164   dmul_clz.o
       258          4          0          0          0        156   dnaninf.o
       112          0          0          0          0        160   drenorm_clz.o
        12          0          0          0          0        116   dretinf.o
        98          0          0          0          0        128   drleqf.o
       520         56          0          0          0        180   dsqrt_umaalclz.o
       378          0          0          0          0        168   dunder_clz.o
       492         36          0          0          0        148   except.o
       122          8          0          0          0        132   f2d.o
       242          4          0          0          0        144   fnaninf.o
        10          0          0          0          0        116   fpinit.o
        10          0          0          0          0        116   fretinf.o
       316          0          0          0          0        132   funder_clz.o
        32          4          0          0          0        116   istatus.o
         4          0          0          0          0        116   printf1.o
       178          0          0          0          0        116   retnan.o
       276          4          0          0          0        124   scalbn_clz.o
       126          0          0          0          0        148   trapv.o
         0          0          0          0          0          0   usenofp.o
       300         42          0          0          0        176   asinf.o
       684         90          0          0          0        208   atan2f.o
       200         20          0          0          0        164   cos.o
       368         46         48          0          0        200   cos_i.o
       336         56          0          0          0        136   cosf.o
       184         44          0          0          0        744   dunder.o
       856        142         88          0          0        288   exp.o
        44          0          0          0          0        248   fabs.o
       116          0          0          0          0        164   fmin.o
        48          0          0          0          0        124   fpclassify.o
        38          0          0          0          0        116   fpclassifyf.o
        44         12          0          0          0        464   funder.o
       248          0          0          0          0        152   poly.o
      3152        296        136          0          0        352   pow.o
         0          0          8          0          0          0   qnan.o
      1080        142        200          0          0        188   rred.o
       340         24         32          0          0        160   rredf.o
       200         20          0          0          0        164   sin.o
       304         24         40          0          0        208   sin_i.o
       400         56          0          0          0        212   sinf.o
       232          0          0          0          0        296   sqrt_full.o
       120          0          0          0          0        272   sqrtf_full.o

    ----------------------------------------------------------------------
     26528       1900       2812         16        100      47050   Library Totals
        36          0          3          0          4          0   (incl. Padding)

    ----------------------------------------------------------------------

      Code (inc. data)   RO Data    RW Data    ZI Data      Debug   Library Name

      2718         84         12         16          0       9922   AHRS.lib
       236         24       2052          0          0      22264   arm_cortexM4lf_math.lib
      6668        390        193          0         96       4896   c_w.l
      7576        388          0          0          0       4932   g_wm.l
      9294       1014        552          0          0       5036   m_wm.l

    ----------------------------------------------------------------------
     26528       1900       2812         16        100      47050   Library Totals

    ----------------------------------------------------------------------

==============================================================================


      Code (inc. data)   RO Data    RW Data    ZI Data      Debug   

    129298       7792      11378       1800      60016    2740196   Grand Totals
    129298       7792      11378        480      60016    2740196   ELF Image Totals (compressed)
    129298       7792      11378        480          0          0   ROM Totals

==============================================================================

    Total RO  Size (Code + RO Data)               140676 ( 137.38kB)
    Total RW  Size (RW Data + ZI Data)             61816 (  60.37kB)
    Total ROM Size (Code + RO Data + RW Data)     141156 ( 137.85kB)

==============================================================================

